[web.archive.org/web/20250426232838/https_/provina.vn/tin-tuc/khoa-tang-do.html]
[web.archive.org/web/20250216114809/https_/provina.vn/tin-tuc/tang-do-tieng-anh-la-gi.html]
[web.archive.org/web/20241205093518/https_/provina.vn/tin-tuc/day-dai-det-polypropylene.html]
[web.archive.org/web/20250427003333/https_/provina.vn/tin-tuc/day-cap-vai-cau-hang-tieng-trung-la-gi.html]
[web.archive.org/web/20250326152834/https_/provina.vn/tin-tuc/day-cap-bat.html]
[web.archive.org/web/20250216110809/https_/provina.vn/tin-tuc/cong-ty-san-xuat-day-dai-det.html]
[web.archive.org/web/20250216130058/https_/provina.vn/tin-tuc/day-chang-tang-do-tphcm.html]
[web.archive.org/web/20250123001215/https_/provina.vn/tin-tuc/cach-su-dung-khoa-tang-do.html]
[web.archive.org/web/20250427001751/https_/provina.vn/tin-tuc/xuat-khau-day-dai-det.html]
[web.archive.org/web/20250216111321/https_/provina.vn/tin-tuc/day-chang-hang-tang-do-moc-j-va-moc-s-khac-nhau-the-nao.html]
[web.archive.org/web/20241205095308/https_/provina.vn/tin-tuc/ma-mau-day-cau-vai.html]
[web.archive.org/web/20250427001144/https_/provina.vn/tin-tuc/webbing-su-dung-trong-cong-nghiep.html]
[web.archive.org/web/20250326135242/https_/provina.vn/tin-tuc/day-dai-la-gi.html]
[web.archive.org/web/20241205091751/https_/provina.vn/tin-tuc/do-day-chuan-cua-day-dai-det.html]
[web.archive.org/web/20250123011350/https_/provina.vn/tin-tuc/day-dai-det-tai-binh-duong.html]
[web.archive.org/web/20241205104818/https_/provina.vn/tin-tuc/day-chuyen-san-xuat-day-dai-det.html]
[web.archive.org/web/20241112133032/https_/provina.vn/tin-tuc/day-dai-chang-hang-container.html]
[web.archive.org/web/20241205090452/https_/provina.vn/tin-tuc/huong-dan-thao-lap-day-tang-do-nhanh-chong-va-an-toan.html]
[web.archive.org/web/20250122232149/https_/provina.vn/tin-tuc/day-tang-do-tieng-anh-la-gi.html]
[web.archive.org/web/20250123000530/https_/provina.vn/tin-tuc/bang-thong-so-ky-thuat-cap-vai-cau-hang.html]
[web.archive.org/web/20250122235211/https_/provina.vn/tin-tuc/day-chang-hang-co-tang-do-ban-5-tan.html]
[web.archive.org/web/20221129155017/https_/provina.vn/tin-tuc/nhung-dieu-can-biet-khi-dung-day-cap-vai-cau-hang.html]
[web.archive.org/web/20241205104900/https_/provina.vn/tin-tuc/day-dai-vai-bo.html]
[web.archive.org/web/20241205095815/https_/provina.vn/tin-tuc/su-khac-biet-giua-webbing-slings-so-voi-round-slings.html]
[web.archive.org/web/20250216125804/https_/provina.vn/tin-tuc/det-day-dai.html]
[web.archive.org/web/20241205101519/https_/provina.vn/tin-tuc/may-det-dai.html]
[web.archive.org/web/20241205101912/https_/provina.vn/tin-tuc/round-sling-la-gi.html]
[web.archive.org/web/20241112130547/https_/provina.vn/tin-tuc/xuong-san-xuat-day-cap-vai-cau-hang-tai-binh-duong.html]
[web.archive.org/web/20250122234149/https_/provina.vn/tin-tuc/ban-day-tang-do-tai-ha-noi.html]
[web.archive.org/web/20250122232817/https_/provina.vn/tin-tuc/he-so-an-toan-day-cau-hang-la-gi.html]
[web.archive.org/web/20241205104533/https_/provina.vn/tin-tuc/gia-day-cap-cau-hang.html]
[web.archive.org/web/20250123002757/https_/provina.vn/tin-tuc/san-xuat-day-dai-vai.html]
[web.archive.org/web/20250216113035/https_/provina.vn/tin-tuc/cau-tao-cua-day-tang-do-chang-hang.html]
[web.archive.org/web/20250326140243/https_/provina.vn/tin-tuc/gia-cong-day-dai-det.html]
[web.archive.org/web/20250123000408/https_/provina.vn/tin-tuc/bao-ve-day-cau-hang-khi-su-dung.html]
[web.archive.org/web/20250123001644/https_/provina.vn/tin-tuc/luoi-chan-container.html]
[web.archive.org/web/20250426233631/https_/provina.vn/tin-tuc/cau-hoi-thuong-gap-ve-day-be-cau-hang.html]
[web.archive.org/web/20241205102344/https_/provina.vn/tin-tuc/vai-polyester-co-tot-khong.html]
[web.archive.org/web/20250515122619/https_/provina.vn/tin-tuc/xuong-san-xuat-day-tang-do.html]
[web.archive.org/web/20250427002657/https_/provina.vn/tin-tuc/day-dai-polyester-viet-nam.html]
[web.archive.org/web/20241205094513/https_/provina.vn/tin-tuc/cach-su-dung-day-tang-do.html]
[web.archive.org/web/20250326142715/https_/provina.vn/tin-tuc/6-dieu-can-luu-y-khi-mua-day-tang-do-chang-hang.html]
[web.archive.org/web/20250216112708/https_/provina.vn/tin-tuc/cong-ty-det-day-dai.html]
[web.archive.org/web/20241205095922/https_/provina.vn/tin-tuc/day-dai-det-so-1-viet-nam.html]
[web.archive.org/web/20241205091835/https_/provina.vn/tin-tuc/day-cap-vai-cau-hang-5-tan-6m.html]
[web.archive.org/web/20241205104023/https_/provina.vn/tin-tuc/day-tang-do-la-gi.html]
[web.archive.org/web/20241205100835/https_/provina.vn/tin-tuc/cung-cap-day-dai-det-tai-binh-dinh.html]
[web.archive.org/web/20250216124409/https_/provina.vn/tin-tuc/cao-day.html]
[web.archive.org/web/20250427001409/https_/provina.vn/tin-tuc/cong-nghe-san-xuat-day-tang-do.html]
[web.archive.org/web/20241205105418/https_/provina.vn/tin-tuc/day-rang-d-ring.html]
[web.archive.org/web/20250216120756/https_/provina.vn/tin-tuc/nha-san-xuat-day-dai-so-luong-lon.html]
[web.archive.org/web/20250123012825/https_/provina.vn/tin-tuc/ung-dung-day-tang-do-trong-nong-nghiep.html]
[web.archive.org/web/20250326132751/https_/provina.vn/tin-tuc/day-cau-vai.html]
[web.archive.org/web/20250216122330/https_/provina.vn/tin-tuc/cach-su-dung-day-dai-vai.html]
[web.archive.org/web/20241112131140/https_/provina.vn/tin-tuc/quy-trinh-san-xuat-day-dai-det.html]
[web.archive.org/web/20250216110050/https_/provina.vn/tin-tuc/nen-mua-day-dai-det-theo-ky-hay-met.html]
[web.archive.org/web/20241112135836/https_/provina.vn/tin-tuc/ung-dung-cua-day-chang-hang-khoa-cam.html]
[web.archive.org/web/20241205101151/https_/provina.vn/tin-tuc/day-buoc-hang-gia-re.html]
[web.archive.org/web/20250122232337/https_/provina.vn/tin-tuc/day-chang-hang-container.html]
[web.archive.org/web/20250216112546/https_/provina.vn/tin-tuc/day-dai-det-tai-trong-5-tan.html]
[web.archive.org/web/20241205091437/https_/provina.vn/tin-tuc/cach-su-dung-day-chang-hang-tang-do.html]
[web.archive.org/web/20241205094035/https_/provina.vn/tin-tuc/so-sanh-day-polyester-voi-day-nylon.html]
[web.archive.org/web/20241205102358/https_/provina.vn/tin-tuc/day-dai-det-38mm.html]
[web.archive.org/web/20241205103232/https_/provina.vn/tin-tuc/cach-ma-day-tang-do-co-the-cai-thien-cuoc-song.html]
[web.archive.org/web/20250122234509/https_/provina.vn/tin-tuc/gioi-han-do-ben-cua-day-chang-hang-tang-do.html]
[web.archive.org/web/20241205103521/https_/provina.vn/tin-tuc/uu-diem-cua-day-tang-do-buoc-hang.html]
[web.archive.org/web/20250123010701/https_/provina.vn/tin-tuc/day-cap-cau-hang-la-gi.html]
[web.archive.org/web/20250123013137/https_/provina.vn/tin-tuc/day-chang-hang-xe-tai.html]
[web.archive.org/web/20241205104424/https_/provina.vn/tin-tuc/day-cau-hang-han-quoc.html]
[web.archive.org/web/20250216121037/https_/provina.vn/tin-tuc/vat-lieu-lam-day-dai-det-ben-nhat.html]
[web.archive.org/web/20250123013101/https_/provina.vn/tin-tuc/dac-diem-nhan-dang-day-cap-vai-cau-hang-5-tan.html]
[web.archive.org/web/20241205093437/https_/provina.vn/tin-tuc/loi-ich-cua-viec-su-dung-day-tang-do.html]
[web.archive.org/web/20250427010704/https_/provina.vn/tin-tuc/so-sanh-day-tang-do-tu-rut-voi-day-buoc-truyen-thong.html]
[web.archive.org/web/20250216122558/https_/provina.vn/tin-tuc/diem-khac-nhau-giua-day-chang-hang-tang-do-moc-j-va-moc-s.html]
[web.archive.org/web/20220629071633/https_/provina.vn/tin-tuc/test-day-cap-vai-cau-hang.html]
[web.archive.org/web/20250216110416/https_/provina.vn/tin-tuc/so-sanh-cap-cau-vai-polyester-voi-nylon.html]
[web.archive.org/web/20241205093715/https_/provina.vn/tin-tuc/6-dieu-ban-nen-biet-ve-cap-vai-cau-hang-truoc-khi-mua.html]
[web.archive.org/web/20250123011837/https_/provina.vn/tin-tuc/day-be-5-tan.html]
[web.archive.org/web/20241205093953/https_/provina.vn/tin-tuc/cong-dung-cua-day-cau-hang-bang-vai.html]
[web.archive.org/web/20250326150847/https_/provina.vn/tin-tuc/day-dai-bang-vai.html]
[web.archive.org/web/20241205100715/https_/provina.vn/tin-tuc/cau-hoi-thuong-gap-ve-day-chang-hang-tang-do.html]
[web.archive.org/web/20241205102943/https_/provina.vn/tin-tuc/bao-quan-day-be-cau-hang.html]
[web.archive.org/web/20250122235417/https_/provina.vn/tin-tuc/s-hook.html]
[web.archive.org/web/20241205094438/https_/provina.vn/tin-tuc/day-dai-det-ban-50mm.html]
[web.archive.org/web/20250216124752/https_/provina.vn/tin-tuc/dau-cao.html]
[web.archive.org/web/20250122235930/https_/provina.vn/tin-tuc/huong-dan-su-dung-day-cau-hang.html]
[web.archive.org/web/20241205090756/https_/provina.vn/tin-tuc/nha-san-xuat-day-cau-hang.html]
[web.archive.org/web/20241205100959/https_/provina.vn/tin-tuc/do-ben-cua-day-dai-det-phu-thuoc-vao-nhung-yeu-to-nao.html]
[web.archive.org/web/20250216124944/https_/provina.vn/tin-tuc/day-rang-do-xe-may.html]
[web.archive.org/web/20250216124713/https_/provina.vn/tin-tuc/gia-day-chang-hang-tang-do.html]
[web.archive.org/web/20241205102921/https_/provina.vn/tin-tuc/tem-nhan-tren-day-tang-do-co-y-nghia-gi.html]
[web.archive.org/web/20250216121152/https_/provina.vn/tin-tuc/huong-dan-hoan-chinh-cho-nguoi-moi-bat-dau-ve-day-chang-hang-tang-do.html]
[web.archive.org/web/20250216130137/https_/provina.vn/tin-tuc/5-loi-khuyen-hang-dau-ve-viec-su-dung-day-chang-hang-tang-do.html]
[web.archive.org/web/20241205110526/https_/provina.vn/tin-tuc/day-rang-do.html]
[web.archive.org/web/20250427011604/https_/provina.vn/tin-tuc/cung-cap-day-dai-det-tai-binh-phuoc.html]
[web.archive.org/web/20241205095008/https_/provina.vn/tin-tuc/cach-kiem-tra-cap-vai-cau-hang-truoc-khi-su-dung.html]
[web.archive.org/web/20250122235122/https_/provina.vn/tin-tuc/day-dai-polyester.html]
[web.archive.org/web/20250216125054/https_/provina.vn/tin-tuc/day-chang-hang-tang-do-hai-dau-mat.html]
[web.archive.org/web/20241205101651/https_/provina.vn/tin-tuc/day-chang-hang-tang-do-khong-moc.html]
[web.archive.org/web/20241205095740/https_/provina.vn/tin-tuc/cao-tang-do-gom-nhung-loai-nao.html]
[web.archive.org/web/20250216104752/https_/provina.vn/tin-tuc/day-chang-hang-kieu-tang-do.html]
[web.archive.org/web/20241205094856/https_/provina.vn/tin-tuc/san-xuat-day-cau-hang.html]
[web.archive.org/web/20241205102526/https_/provina.vn/tin-tuc/noi-san-xuat-cao-tang-do.html]
[web.archive.org/web/20220812235149/https_/provina.vn/tin-tuc/khoa-tang-do-ban-25mm.html]
[web.archive.org/web/20250123005631/https_/provina.vn/tin-tuc/co-the-su-dung-day-tang-do-de-nang-cau-hang-hoa-khong.html]
[web.archive.org/web/20250123004306/https_/provina.vn/tin-tuc/day-cap-cau-hang-5t.html]
[web.archive.org/web/20250216123945/https_/provina.vn/tin-tuc/soi-polyester-la-gi.html]
[web.archive.org/web/20250123001814/https_/provina.vn/tin-tuc/phu-kien-di-kem-voi-day-tang-do-la-gi.html]
[web.archive.org/web/20241205102349/https_/provina.vn/tin-tuc/day-tang-do-dung-trong-the-thao.html]
[web.archive.org/web/20250216105840/https_/provina.vn/tin-tuc/day-dai-det-ban-100m.html]
[web.archive.org/web/20250326152411/https_/provina.vn/tin-tuc/tong-kho-day-dai-det-gia-si.html]
[web.archive.org/web/20241205103650/https_/provina.vn/tin-tuc/j-hook.html]
[web.archive.org/web/20250123001448/https_/provina.vn/tin-tuc/cap-vai-va-cap-thep.html]
[web.archive.org/web/20241112125248/https_/provina.vn/tin-tuc/day-dai-det-co-bao-nhieu-mau.html]
[web.archive.org/web/20241205103108/https_/provina.vn/tin-tuc/phan-co-dinh-day-tang-do.html]
[web.archive.org/web/20241205100930/https_/provina.vn/tin-tuc/tai-sao-nen-su-dung-day-tang-do-thay-vi-day-cap-thep.html]
[web.archive.org/web/20241112120050/https_/provina.vn/tin-tuc/so-sanh-cac-loai-day-cau-hang.html]
[web.archive.org/web/20250427003212/https_/provina.vn/tin-tuc/xu-huong-thi-truong-ve-day-tang-do-chang-hang.html]
[web.archive.org/web/20250326151447/https_/provina.vn/tin-tuc/kiem-dinh-day-cap-vai.html]
[web.archive.org/web/20250326132509/https_/provina.vn/tin-tuc/day-rang-khi-di-du-lich.html]
[web.archive.org/web/20241205095954/https_/provina.vn/tin-tuc/gia-day-be-cau-hang.html]
[web.archive.org/web/20250427004933/https_/provina.vn/tin-tuc/cach-su-dung-day-dai-buoc-hang.html]
[web.archive.org/web/20250122233833/https_/provina.vn/tin-tuc/day-chang-hang-khoa-cam-tu-siet.html]
[web.archive.org/web/20241205101122/https_/provina.vn/tin-tuc/quy-trinh-san-xuat-day-chang-hang-tang-do.html]
[web.archive.org/web/20250326143320/https_/provina.vn/tin-tuc/bo-phan-nao-cua-day-cao-chang-hang-quan-trong-nhat.html]
[web.archive.org/web/20241205095232/https_/provina.vn/tin-tuc/day-tang-do-gia-re-co-dam-bao-chat-luong-khong.html]
[web.archive.org/web/20250122233034/https_/provina.vn/tin-tuc/day-cau-tron-la-gi.html]
[web.archive.org/web/20241205101605/https_/provina.vn/tin-tuc/ly-do-ban-nen-su-dung-day-tang-do.html]
[web.archive.org/web/20241205095706/https_/provina.vn/tin-tuc/day-chang-hang-tang-do-tu-rut.html]
[web.archive.org/web/20250216115005/https_/provina.vn/tin-tuc/day-dai-det-tai-trong-2-tan.html]
[web.archive.org/web/20250123013609/https_/provina.vn/tin-tuc/thoi-ki-lich-su-phat-trien-day-dai-det.html]
[web.archive.org/web/20250123002840/https_/provina.vn/tin-tuc/day-dai-cau-hang.html]
[web.archive.org/web/20250326135634/https_/provina.vn/tin-tuc/day-dai-bang-vai-polyester.html]
[web.archive.org/web/20250326140516/https_/provina.vn/tin-tuc/cung-cap-day-dai-det-gia-si-tphcm.html]
[web.archive.org/web/20250216115336/https_/provina.vn/tin-tuc/day-cap-vai-cau-hang-2-tan.html]
[web.archive.org/web/20250326152042/https_/provina.vn/tin-tuc/phan-loai-day-tang-do.html]
[web.archive.org/web/20241205104731/https_/provina.vn/tin-tuc/cao-tang-do-la-gi.html]
[web.archive.org/web/20250326153519/https_/provina.vn/tin-tuc/ban-day-tang-do-tai-vung-tau.html]
[web.archive.org/web/20250427002817/https_/provina.vn/tin-tuc/cac-tieu-chuan-an-toan-khi-su-dung-day-tang-do.html]
[web.archive.org/web/20250427011046/https_/provina.vn/tin-tuc/day-buoc-hang-tang-do.html]
[web.archive.org/web/20241011152941/https_/provina.vn/tin-tuc/det-day-dai-theo-yeu-cau.html]
[web.archive.org/web/20250216113516/https_/provina.vn/tin-tuc/cac-loai-cap-vai-pho-bien.html]
[web.archive.org/web/20250216123642/https_/provina.vn/tin-tuc/day-dai-vai-du.html]
[web.archive.org/web/20250216130212/https_/provina.vn/tin-tuc/ung-dung-cua-day-cau-hang.html]
[web.archive.org/web/20250326142956/https_/provina.vn/tin-tuc/day-cap-vai-cau-hang-5-tan.html]
[web.archive.org/web/20220629064507/https_/provina.vn/tin-tuc/day-cap-vai-cau-hang-3-tan.html]
[web.archive.org/web/20250123005253/https_/provina.vn/tin-tuc/ban-day-tang-do-tai-binh-duong.html]
[web.archive.org/web/20250122232930/https_/provina.vn/tin-tuc/cap-nang-cong-nghiep.html]
[web.archive.org/web/20250123000616/https_/provina.vn/tin-tuc/tat-ca-nhung-dieu-ban-can-biet-ve-day-chang-hang.html]
[web.archive.org/web/20250216114439/https_/provina.vn/tin-tuc/thi-truong-day-dai-det.html]
[web.archive.org/web/20241205090018/https_/provina.vn/tin-tuc/lam-the-nao-de-su-dung-cap-vai-cau-hang-an-toan.html]
[web.archive.org/web/20241205091051/https_/provina.vn/tin-tuc/day-dai-an-toan-tang-do.html]
[web.archive.org/web/20250216111229/https_/provina.vn/tin-tuc/xuong-san-xuat-day-dai-det-uy-tin.html]
[web.archive.org/web/20250326134400/https_/provina.vn/tin-tuc/polyester-sling-voi-nylon-sling.html]
[web.archive.org/web/20250427000157/https_/provina.vn/tin-tuc/tieu-chi-chon-day-tang-do-chat-luong-la-gi.html]
[web.archive.org/web/20250123005502/https_/provina.vn/tin-tuc/gia-cap-cau-hang.html]
[web.archive.org/web/20250123000150/https_/provina.vn/tin-tuc/luu-y-khi-su-dung-day-be-cau-hang.html]
[web.archive.org/web/20250123003049/https_/provina.vn/tin-tuc/chon-mua-day-be-cau-hang.html]
[web.archive.org/web/20250123003004/https_/provina.vn/tin-tuc/diem-khac-nhau-giua-day-tang-do-voi-day-khoa-cam.html]
[web.archive.org/web/20241205094629/https_/provina.vn/tin-tuc/cung-cap-day-cap-vai-cau-hang-theo-yeu-cau.html]
[web.archive.org/web/20241205085702/https_/provina.vn/tin-tuc/day-dai-det-ban-25mm.html]
[web.archive.org/web/20250515124138/https_/provina.vn/tin-tuc/cap-vai-tron-va-cap-vai-dep-khi-nao-nen-su-dung.html]
[web.archive.org/web/20250216114133/https_/provina.vn/tin-tuc/cach-tinh-toan-tai-trong-phu-hop-khi-lua-chon-day-tang-do.html]
[web.archive.org/web/20250122233302/https_/provina.vn/tin-tuc/day-tang-do-tu-rut.html]
[web.archive.org/web/20250216125310/https_/provina.vn/tin-tuc/day-be-cau-hang-gia-re.html]
[web.archive.org/web/20250326145935/https_/provina.vn/tin-tuc/day-dai-vai.html]
[web.archive.org/web/20250122232706/https_/provina.vn/tin-tuc/day-buoc-hang-cong-nghiep.html]
[web.archive.org/web/20250216113437/https_/provina.vn/tin-tuc/chat-lieu-soi-vai-det-day-tang-do.html]
[web.archive.org/web/20250326145745/https_/provina.vn/tin-tuc/mua-day-cau-vong-polyester-chat-luong-cao.html]
[web.archive.org/web/20250326134949/https_/provina.vn/tin-tuc/cach-rut-ngan-day-tang-do.html]
[web.archive.org/web/20241205103036/https_/provina.vn/tin-tuc/tong-hop-day-cau-hang.html]
[web.archive.org/web/20250216120715/https_/provina.vn/tin-tuc/cach-dong-goi-day-dai-det.html]
[web.archive.org/web/20250326151040/https_/provina.vn/tin-tuc/cach-kiem-tra-day-tang-do.html]
[web.archive.org/web/20241112133527/https_/provina.vn/tin-tuc/ban-day-cap-vai-cau-hang-so-luong-lon.html]
[web.archive.org/web/20241205110714/https_/provina.vn/tin-tuc/nha-san-xuat-day-tang-do.html]
[web.archive.org/web/20250122234608/https_/provina.vn/tin-tuc/day-chang-hang-mua-o-dau.html]
[web.archive.org/web/20241205110607/https_/provina.vn/tin-tuc/cong-ty-san-xuat-day-dai-det-pp.html]
[web.archive.org/web/20250123004800/https_/provina.vn/tin-tuc/day-dai-det-tai-da-nang.html]
[web.archive.org/web/20250123013534/https_/provina.vn/tin-tuc/chuyen-si-day-dai-det.html]
[web.archive.org/web/20250216115257/https_/provina.vn/tin-tuc/day-dai-det-pp.html]
[web.archive.org/web/20250123004844/https_/provina.vn/tin-tuc/ban-day-tang-do-gia-re.html]
[web.archive.org/web/20241205110745/https_/provina.vn/tin-tuc/khi-nao-can-thay-day-cau-tron.html]
[web.archive.org/web/20250216130022/https_/provina.vn/tin-tuc/day-tang-do-5-tan.html]
[web.archive.org/web/20250123012825/https_/provina.vn/tin-tuc/gia-day-polyester.html]
[web.archive.org/web/20250123013457/https_/provina.vn/tin-tuc/day-tang-do-2-tan.html]
[web.archive.org/web/20250216114526/https_/provina.vn/tin-tuc/bang-gia-day-chang-hang.html]
[web.archive.org/web/20250326143724/https_/provina.vn/tin-tuc/moi-thu-ban-can-biet-ve-day-chang-hang-tang-do-ban-50mm.html]
[web.archive.org/web/20241205093316/https_/provina.vn/tin-tuc/day-dai-buoc-hang.html]
[web.archive.org/web/20250123005840/https_/provina.vn/tin-tuc/day-polypropylene.html]
[web.archive.org/web/20250216111132/https_/provina.vn/tin-tuc/day-cao-chang-hang-duoc-ua-chuong.html]
[web.archive.org/web/20241205094110/https_/provina.vn/tin-tuc/day-chang-hang-co-tang-do-moc.html]
[web.archive.org/web/20241205100030/https_/provina.vn/tin-tuc/ung-dung-thuc-te-cua-day-tang-do.html]
[web.archive.org/web/20250123010135/https_/provina.vn/tin-tuc/cac-buoc-san-xuat-day-tang-do.html]
[web.archive.org/web/20250427010740/https_/provina.vn/tin-tuc/cung-cap-day-dai-det-ha-noi.html]
[web.archive.org/web/20250123002714/https_/provina.vn/tin-tuc/chat-luong-day-dai-det.html]
[web.archive.org/web/20250123010213/https_/provina.vn/tin-tuc/day-cau-vong-chiu-tai-nang-cho-cong-nghiep.html]
[web.archive.org/web/20250123012315/https_/provina.vn/tin-tuc/quy-trinh-san-xuat-day-cau-hang.html]
[web.archive.org/web/20250122233923/https_/provina.vn/tin-tuc/day-chang-hang-tang-do-co-moc-j.html]
[web.archive.org/web/20250122234325/https_/provina.vn/tin-tuc/van-de-thuong-gap-ve-day-cau-hang.html]
[web.archive.org/web/20250326143040/https_/provina.vn/tin-tuc/day-vien-polyester.html]
[web.archive.org/web/20241112135126/https_/provina.vn/tin-tuc/bao-gia-day-cau-cap-vai-cau-hang-10-tan.html]
[web.archive.org/web/20241205100503/https_/provina.vn/tin-tuc/cac-thuong-hieu-day-tang-do-uy-tin.html]
[web.archive.org/web/20241205093638/https_/provina.vn/tin-tuc/top-4-mau-day-chang-hang-tang-do-dang-su-dung.html]
[web.archive.org/web/20250427001455/https_/provina.vn/tin-tuc/cung-cap-day-dai-det-tai-tay-ninh.html]
[web.archive.org/web/20250123002110/https_/provina.vn/tin-tuc/5-cach-tan-dung-day-tang-do-cu-hieu-qua.html]
[web.archive.org/web/20250427012222/https_/provina.vn/tin-tuc/moi-thu-ban-can-biet-ve-day-chang-tang-do-ban-25mm.html]
[web.archive.org/web/20250122233454/https_/provina.vn/tin-tuc/cach-bao-quan-day-tang-do.html]
[web.archive.org/web/20241205101311/https_/provina.vn/tin-tuc/cung-cap-day-dai-det-dong-nai.html]
[web.archive.org/web/20241011134720/https_/provina.vn/tin-tuc/mua-day-be-cau-hang.html]
[web.archive.org/web/20250123000705/https_/provina.vn/tin-tuc/day-tang-do-3-tan.html]
[web.archive.org/web/20241205094254/https_/provina.vn/tin-tuc/day-cau-hang-bang-vai.html]
[web.archive.org/web/20250216120405/https_/provina.vn/tin-tuc/top-5-day-tang-do-su-dung-pho-bien.html]
[web.archive.org/web/20241205105853/https_/provina.vn/tin-tuc/co-so-cung-cap-khoa-tang-do-gia-re.html]
[web.archive.org/web/20241112122721/https_/provina.vn/tin-tuc/huong-dan-hoan-chinh-cho-nguoi-moi-bat-dau-ve-van-tai-duong-bo.html]
[web.archive.org/web/20250216110623/https_/provina.vn/tin-tuc/cach-duy-tri-thoi-gian-hoat-dong-cua-day-tang-do.html]
[web.archive.org/web/20250515133910/https_/provina.vn/tin-tuc/nhung-dieu-can-biet-khi-mua-day-cap-vai.html]
[web.archive.org/web/20250216120834/https_/provina.vn/tin-tuc/cao-tang-do-tai-hcm.html]
[web.archive.org/web/20250326141417/https_/provina.vn/tin-tuc/cac-loai-day-cao-hang-khac-nhau.html]
[web.archive.org/web/20250326142555/https_/provina.vn/tin-tuc/day-dai-det-gia-re.html]
[web.archive.org/web/20241205103355/https_/provina.vn/tin-tuc/day-tang-do-trong-cong-nghe-nang-luong.html]
[web.archive.org/web/20250427011926/https_/provina.vn/tin-tuc/day-dai-det-mua-o-dau.html]
[web.archive.org/web/20250216111717/https_/provina.vn/tin-tuc/10-loai-day-tang-do-duoc-san-xuat-tai-proivna.html]
[web.archive.org/web/20250216124142/https_/provina.vn/tin-tuc/day-dai-hang.html]
[web.archive.org/web/20250216114624/https_/provina.vn/tin-tuc/san-xuat-day-dai.html]
[web.archive.org/web/20250123013216/https_/provina.vn/tin-tuc/ban-day-tang-do-theo-yeu-cau.html]
[web.archive.org/web/20241205092307/https_/provina.vn/tin-tuc/so-sanh-day-tang-do-ban-lon-va-ban-nho.html]
[web.archive.org/web/20241205102145/https_/provina.vn/tin-tuc/cung-cap-day-da-det-quang-ninh.html]
[web.archive.org/web/20241205095630/https_/provina.vn/tin-tuc/day-dai-det-tai-trong-3-tan.html]
[web.archive.org/web/20241205103449/https_/provina.vn/tin-tuc/cung-cap-day-dai-det-hai-phong.html]
[web.archive.org/web/20241205104121/https_/provina.vn/tin-tuc/cung-cap-day-dai-det-lon-nhat-3-mien.html]
[web.archive.org/web/20250122235336/https_/provina.vn/tin-tuc/cap-vai-cau-hang-ban-dep-dang-2-dau-mat.html]
[web.archive.org/web/20250216120914/https_/provina.vn/tin-tuc/cach-bao-quan-day-cao-hang.html]
[web.archive.org/web/20250123010620/https_/provina.vn/tin-tuc/day-cau-hang-dong-nam-a.html]
[web.archive.org/web/20241205105104/https_/provina.vn/tin-tuc/ban-day-tang-do-gia-si.html]
[web.archive.org/web/20241205104226/https_/provina.vn/tin-tuc/lop-vai-bao-ve-day-cau.html]
[web.archive.org/web/20240723012514/https_/provina.vn/tin-tuc/cap-nhat-gia-day-cao-hang.html]
[web.archive.org/web/20250123002155/https_/provina.vn/tin-tuc/su-dung-day-cao-hang-tiet-kiem-chi-phi.html]
[web.archive.org/web/20250123002025/https_/provina.vn/tin-tuc/tam-quan-trong-cua-viec-kiem-tra-day-cao-chang-hang.html]
[web.archive.org/web/20250123013753/https_/provina.vn/tin-tuc/chieu-dai-dai-nhat-ban-co-the-co-tren-day-tang-do-la-bao-nhieu.html]
[web.archive.org/web/20241205093834/https_/provina.vn/tin-tuc/day-chang-hang-tang-do-moc-j.html]
[web.archive.org/web/20241205102504/https_/provina.vn/tin-tuc/day-tang-do-cho-nganh-xay-dung-va-cong-nghiep.html]
[web.archive.org/web/20250123000322/https_/provina.vn/tin-tuc/uu-nhuoc-diem-cua-day-cau-hang-bang-vai.html]
[web.archive.org/web/20250123012825/https_/provina.vn/tin-tuc/day-cao-chang-hang-hang-nang-va-day-cao-hang-nhe.html]
[web.archive.org/web/20250122235806/https_/provina.vn/tin-tuc/su-dung-day-tang-do-trong-su-kien.html]
[web.archive.org/web/20241205101339/https_/provina.vn/tin-tuc/day-cau-hang-5t.html]
[web.archive.org/web/20241205102806/https_/provina.vn/tin-tuc/day-chang-hang-tang-do-moc-s.html]
[web.archive.org/web/20250426232017/https_/provina.vn/tin-tuc/cung-cap-day-dai-det-bac-giang.html]
[web.archive.org/web/20241205093559/https_/provina.vn/tin-tuc/14-yeu-to-can-thiet-khi-mua-va-su-dung-day-tang-do.html]
[web.archive.org/web/20250123012904/https_/provina.vn/tin-tuc/day-cau-hang-2t.html]
[web.archive.org/web/20250216111454/https_/provina.vn/tin-tuc/cap-vai-trung-quoc.html]
[web.archive.org/web/20241205094741/https_/provina.vn/tin-tuc/cach-tot-nhat-de-dam-bao-hang-hoa-cho-xe-tai.html]
[web.archive.org/web/20241205101755/https_/provina.vn/tin-tuc/day-tang-do-ban-tai-tp-hcm.html]
[web.archive.org/web/20250123012825/https_/provina.vn/tin-tuc/san-xuat-day-dai-det.html]
[web.archive.org/web/20250216125653/https_/provina.vn/tin-tuc/ly-do-tai-sao-ban-can-that-day-chang-hang-tang-do.html]
[web.archive.org/web/20250123005212/https_/provina.vn/tin-tuc/huong-dan-su-dung-day-cau-vong-an-toan.html]
[web.archive.org/web/20250123002459/https_/provina.vn/tin-tuc/day-cau-vai-su-dung-mot-lan.html]
[web.archive.org/web/20250216111544/https_/provina.vn/tin-tuc/tuy-chon-mau-day-tang-do-theo-nhu-cau.html]
[web.archive.org/web/20241205091208/https_/provina.vn/tin-tuc/day-vai-cau-hang.html]
[web.archive.org/web/20250123005757/https_/provina.vn/tin-tuc/cac-loai-cap-cau-vai.html]
[web.archive.org/web/20250216123715/https_/provina.vn/tin-tuc/ban-day-tang-do-so-luong-lon.html]
[web.archive.org/web/20250427012353/https_/provina.vn/tin-tuc/cung-cap-day-dai-det-tai-vung-tau.html]
[web.archive.org/web/20250326142058/https_/provina.vn/blog/pallet-nghia-la-gi.html]
[web.archive.org/web/20250326142755/https_/provina.vn/blog/an-toan-trong-kho-hang.html]
[web.archive.org/web/20230606172341/https_/provina.vn/blog/day-keo-xe-o-to.html]
[web.archive.org/web/20241205101926/https_/provina.vn/blog/su-that-thuong-gap-trong-qua-trinh-van-chuyen.html]
[web.archive.org/web/20250123000755/https_/provina.vn/blog/day-cau-vong.html]
[web.archive.org/web/20250123012041/https_/provina.vn/blog/quy-trinh-xep-do-hang-hoa-container.html]
[web.archive.org/web/20250123000848/https_/provina.vn/blog/cach-buoc-day-rang-tren-xe-may.html]
[web.archive.org/web/20241205093356/https_/provina.vn/blog/cho-vali-bang-xe-may-co-bi-phat-khong.html]
[web.archive.org/web/20241205100903/https_/provina.vn/blog/day-dai-cuu-ho.html]
[web.archive.org/web/20250216123100/https_/provina.vn/blog/day-chun-buoc-hang.html]
[web.archive.org/web/20250123004227/https_/provina.vn/blog/ky-hieu-tren-thung-carton.html]
[web.archive.org/web/20241205105144/https_/provina.vn/blog/ai-la-nguoi-phat-minh-ra-may-det.html]
[web.archive.org/web/20241205091604/https_/provina.vn/blog/lashing-la-gi.html]
[web.archive.org/web/20240525213240/https_/provina.vn/blog/cach-sap-xep-hang-hoa-tren-pallet.html]
[web.archive.org/web/20250216124257/https_/provina.vn/blog/cho-tu-lanh-bang-xe-may.html]
[web.archive.org/web/20241205102749/https_/provina.vn/blog/soi-day-la-gi.html]
[web.archive.org/web/20250515123946/https_/provina.vn/blog/day-du-xanh-tron-ung-dung-hoan-hao-cho-doi-song.html]
[web.archive.org/web/20240909054653/https_/provina.vn/blog/day-nilon-buoc-hang.html]
[web.archive.org/web/20250515135948/https_/provina.vn/blog/tui-khi-chen-container.html]
[web.archive.org/web/20250515133757/https_/provina.vn/blog/vai-polyester-va-cotton-khac-nhau-nhu-the-nao.html]
[web.archive.org/web/20241205094144/https_/provina.vn/blog/day-dai-vali-hanh-ly.html]
[web.archive.org/web/20221129143712/https_/provina.vn/blog/quatest-la-gi.html]
[web.archive.org/web/20250427002736/https_/provina.vn/blog/tam-quan-trong-khi-ve-sinh-nha-xuong.html]
[web.archive.org/web/20241205093234/https_/provina.vn/blog/vai-soi-pha-la-gi-nguon-goc-ung-dung-trong-doi-song.html]
[web.archive.org/web/20241205091920/https_/provina.vn/blog/phan-biet-day-tang-do-va-day-thung.html]
[web.archive.org/web/20250123012825/https_/provina.vn/blog/nhua-tai-sinh-lai-gi-cac-loai-nhua-tai-sinh-pho-bien.html]
[web.archive.org/web/20250123012825/https_/provina.vn/blog/vai-pp-det.html]
[web.archive.org/web/20250123013419/https_/provina.vn/blog/cac-hoat-dong-co-ban-trong-kho-hang-la-gi.html]
[web.archive.org/web/20241205101405/https_/provina.vn/blog/day-thun-tron.html]
[web.archive.org/web/20230606163302/https_/provina.vn/blog/cau-hoi-ve-van-tai-duong-bien.html]
[web.archive.org/web/20241205094931/https_/provina.vn/blog/webbing-la-gi.html]
[web.archive.org/web/20241011135458/https_/provina.vn/blog/giam-chi-phi-san-xuat.html]
[web.archive.org/web/20250122235254/https_/provina.vn/blog/an-toan-khi-cau-hang.html]
[web.archive.org/web/20241205091001/https_/provina.vn/blog/cong-thuc-tinh-tai-trong-cap-thep.html]
[web.archive.org/web/20241112125837/https_/provina.vn/blog/polyester-co-tham-nuoc-khong.html]
[web.archive.org/web/20250216122444/https_/provina.vn/blog/cach-dong-ban-ghe-bang-go-pallet.html]
[web.archive.org/web/20250123012825/https_/provina.vn/blog/co-so-san-xuat-day-buoc-hang.html]
[web.archive.org/web/20250216112952/https_/provina.vn/blog/cach-rang-vali-len-xe-may.html]
[web.archive.org/web/20241205105657/https_/provina.vn/blog/dung-leu-bang-day-chang-hang-tang-do.html]
[web.archive.org/web/20250123012353/https_/provina.vn/blog/day-deo-mu-bao-hiem.html]
[web.archive.org/web/20241112141453/https_/provina.vn/blog/cho-tivi-bang-xe-may.html]
[web.archive.org/web/20250123012825/https_/provina.vn/blog/soi-det-la-gi.html]
[web.archive.org/web/20241205093154/https_/provina.vn/blog/loi-khuyen-an-toan-khi-van-chuyen-hang-hoa-nang.html]
[web.archive.org/web/20241205102800/https_/provina.vn/blog/cach-su-dung-day-bungee.html]
[web.archive.org/web/20250326145900/https_/provina.vn/blog/phu-kien-xe-o-to-va-xe-ban-tai.html]
[web.archive.org/web/20250326140120/https_/provina.vn/blog/day-dai-vai-noi-that.html]
[web.archive.org/web/20250326144447/https_/provina.vn/blog/cho-may-lanh-bang-xe-may.html]
[web.archive.org/web/20250123000450/https_/provina.vn/blog/vai-polypropylene-la-gi.html]
[web.archive.org/web/20250427003531/https_/provina.vn/blog/cuoc-phi-van-chuyen.html]
[web.archive.org/web/20250216122054/https_/provina.vn/blog/day-buoc-hang.html]
[web.archive.org/web/20221129133524/https_/provina.vn/blog/day-cot-hang.html]
[web.archive.org/web/20250326153158/https_/provina.vn/blog/cach-gui-hang-qua-buu-dien-cod.html]
[web.archive.org/web/20250326151337/https_/provina.vn/blog/so-sanh-day-cap-vai-va-cap-thep.html]
[web.archive.org/web/20250426232746/https_/provina.vn/blog/cho-thung-carton-bang-xe-may.html]
[web.archive.org/web/20250216111408/https_/provina.vn/blog/so-sanh-day-polyester-voi-day-spandex.html]
[web.archive.org/web/20250515124837/https_/provina.vn/blog/pallet-xo-dua-than-thien-moi-truong.html]
[web.archive.org/web/20250216120325/https_/provina.vn/blog/thung-container-cu-gia-bao-nhieu.html]
[web.archive.org/web/20241205101026/https_/provina.vn/blog/cach-dong-goi-hang-hoa-quy-cach-tieu-chuan-va-quy-trinh.html]
[web.archive.org/web/20250216130244/https_/provina.vn/blog/cach-dong-goi-hang-hoa-shopee.html]
[web.archive.org/web/20241205092223/https_/provina.vn/blog/chon-day-dai-tap-yoga.html]
[web.archive.org/web/20241205092050/https_/provina.vn/blog/cach-thuc-dong-hang-vao-container.html]
[web.archive.org/web/20250122231627/https_/provina.vn/blog/cach-de-xac-dinh-chat-lieu-vai.html]
[web.archive.org/web/20250326141105/https_/provina.vn/blog/day-dai-thu-cung.html]
[web.archive.org/web/20230129215825/https_/provina.vn/blog/van-chuyen-hang-hoa-nguy-hiem.html]
[web.archive.org/web/20250123004636/https_/provina.vn/blog/tong-hop-phong-cach-lam-giuong-ngu-tu-pallet-go-cu.html]
[web.archive.org/web/20241205102315/https_/provina.vn/blog/day-cap-vai-cau-hang-1-tan.html]
[web.archive.org/web/20250216120635/https_/provina.vn/blog/gioi-han-tai-trong-cua-day-cau-hang.html]
[web.archive.org/web/20241205101733/https_/provina.vn/blog/su-khac-biet-giua-toi-va-pa-lang.html]
[web.archive.org/web/20250216125616/https_/provina.vn/blog/thiet-bi-xep-do-hang-roi.html]
[web.archive.org/web/20241205105222/https_/provina.vn/blog/dung-cu-can-thiet-de-leo-nui.html]
[web.archive.org/web/20250123012825/https_/provina.vn/blog/chieu-cao-chat-hang-trong-kho.html]
[web.archive.org/web/20250426234755/https_/provina.vn/blog/cach-gui-buu-pham-ra-nuoc-ngoai.html]
[web.archive.org/web/20250123012825/https_/provina.vn/blog/day-dai-det-cotton.html]
[web.archive.org/web/20250216123523/https_/provina.vn/blog/cac-loai-soi-det.html]
[web.archive.org/web/20250326134745/https_/provina.vn/blog/loai-cap-treo-pho-bien-nhat.html]
[web.archive.org/web/20250426233505/https_/provina.vn/blog/cac-loai-container-trong-van-tai-quoc-te.html]
[web.archive.org/web/20250216105641/https_/provina.vn/blog/huong-dan-su-dung-xe-cau.html]
[web.archive.org/web/20241205100145/https_/provina.vn/blog/quy-trinh-van-chuyen-hang-hoa-bang-duong-bo.html]
[web.archive.org/web/20250216123830/https_/provina.vn/blog/day-dai-pp-va-pet.html]
[web.archive.org/web/20250123002629/https_/provina.vn/blog/day-dai-quan-su.html]
[web.archive.org/web/20241112131105/https_/provina.vn/blog/day-thun-buoc-hang.html]
[web.archive.org/web/20241011143409/https_/provina.vn/blog/day-du-buoc-hang.html]
[web.archive.org/web/20250123012825/https_/provina.vn/blog/tim-hieu-ve-ma-ni-la-gi-cac-loai-ma-ni-pho-bien.html]
[web.archive.org/web/20240909045218/https_/provina.vn/blog/thang-day-thoat-hiem.html]
[web.archive.org/web/20250216115117/https_/provina.vn/blog/day-dai-yoga.html]
[web.archive.org/web/20250123012825/https_/provina.vn/blog/robot-xep-hang-len-pallet.html]
[web.archive.org/web/20250427005126/https_/provina.vn/blog/day-velcro-mua-o-dau.html]
[web.archive.org/web/20241205093033/https_/provina.vn/blog/nep-goc-nhua.html]
[web.archive.org/web/20241112135001/https_/provina.vn/blog/day-dai-thep-buoc-hang.html]
[web.archive.org/web/20250326134822/https_/provina.vn/blog/cach-dong-thung-carton.html]
[web.archive.org/web/20241205092434/https_/provina.vn/blog/ky-thuat-cau-hang.html]
[web.archive.org/web/20241011153134/https_/provina.vn/blog/cach-van-chuyen-do-nang.html]
[web.archive.org/web/20241011143643/https_/provina.vn/blog/logistics-nghia-la-gi.html]
[web.archive.org/web/20250515135840/https_/provina.vn/blog/kiem-dinh-day-dai-an-toan.html]
[web.archive.org/web/20241205094329/https_/provina.vn/blog/cho-hang-bang-xe-may.html]
[web.archive.org/web/20250326145710/https_/provina.vn/blog/tim-hieu-nguyen-tac-fifo-lifo-fefo-ve-quan-ly-hang-ton-kho-hieu-qua.html]
[web.archive.org/web/20241205095043/https_/provina.vn/blog/yeu-to-can-khi-chon-cap-cau-hang.html]
[web.archive.org/web/20241112132433/https_/provina.vn/blog/goc-tai-cua-day-cau-hang.html]
[web.archive.org/web/20250326151749/https_/provina.vn/blog/pallet-go-lam-giuong-ngu.html]
[web.archive.org/web/20250123012825/https_/provina.vn/blog/5-buoc-don-gian-de-van-chuyen-container.html]
[web.archive.org/web/20241205102915/https_/provina.vn/blog/tui-khi-chen-hang-container.html]
[web.archive.org/web/20241205102206/https_/provina.vn/blog/pallet-go-gia-bao-nhieu.html]
[web.archive.org/web/20241205093114/https_/provina.vn/blog/quy-dinh-ve-kho-chua-hang-hoa.html]
[web.archive.org/web/20241205100109/https_/provina.vn/blog/pallet-nhua-gia-bao-nhieu.html]
[web.archive.org/web/20241205110012/https_/provina.vn/blog/kich-thuoc-1-pallet.html]
[web.archive.org/web/20241205100357/https_/provina.vn/blog/chuc-nang-cua-kho-hang.html]
[web.archive.org/web/20250216105350/https_/provina.vn/blog/day-thung-la-gi.html]
[web.archive.org/web/20250216123907/https_/provina.vn/blog/thiet-bi-nang-ha-la-gi.html]
[web.archive.org/web/20241112130944/https_/provina.vn/blog/van-chuyen-hang-hoa-tieng-anh.html]
[web.archive.org/web/20250122235719/https_/provina.vn/blog/hinh-anh-pallet-nhua.html]
[web.archive.org/web/20240614015509/https_/provina.vn/blog/day-dai-nhua-la-gi.html]
[web.archive.org/web/20250216125539/https_/provina.vn/blog/cach-cho-may-in-bang-xe-may.html]
[web.archive.org/web/20240614023958/https_/provina.vn/blog/so-sanh-day-polyester-voi-day-dai-thep.html]
[web.archive.org/web/20240812005523/https_/provina.vn/blog/mang-chit-quan-pallet.html]
[web.archive.org/web/20241205091323/https_/provina.vn/blog/cach-dong-goi-hang-hoa-de-vo.html]
[web.archive.org/web/20250122235849/https_/provina.vn/blog/day-dai-buoc-hang-composite.html]
[web.archive.org/web/20241011153451/https_/provina.vn/blog/day-dai-chong-bao.html]
[web.archive.org/web/20250326150126/https_/provina.vn/blog/cach-that-nut-day-an-toan-khong-nen-bo-qua.html]
[web.archive.org/web/20250427005504/https_/provina.vn/blog/quan-ly-logistics.html]
[web.archive.org/web/20241112142035/https_/provina.vn/blog/day-dai-an-toan-dien-luc-bao-ho-toan-than-khi-lam-viec-tren-cao.html]
[web.archive.org/web/20250216120443/https_/provina.vn/blog/pallet-go-la-gi.html]
[web.archive.org/web/20250216124333/https_/provina.vn/blog/dung-cu-quan-mang-pe-bang-tay.html]
[web.archive.org/web/20241205092350/https_/provina.vn/blog/day-dai-balo.html]
[web.archive.org/web/20250427002408/https_/provina.vn/blog/day-dai-vai-polyester-co-bi-xu-long-khong.html]
[web.archive.org/web/20241205100735/https_/provina.vn/blog/tong-hop-cac-loai-day-tang-do-cho-xe-tai.html]
[web.archive.org/web/20241205092830/https_/provina.vn/blog/xe-nang-tay-loai-nho.html]
[web.archive.org/web/20241205104643/https_/provina.vn/blog/chat-lieu-vai-polyester-la-gi-co-mat-khong-co-ben-khong.html]
[web.archive.org/web/20241205102934/https_/provina.vn/blog/quy-trinh-bao-quan-hang-hoa-trong-kho.html]
[web.archive.org/web/20250515135455/https_/provina.vn/blog/thung-giay-carton-cho-doanh-nghiep.html]
[web.archive.org/web/20241205092543/https_/provina.vn/blog/day-dai-det.html]
[web.archive.org/web/20241205103901/https_/provina.vn/blog/xoan-day-tang-do-co-lam-giam-kha-nang-chiu-tai-cua-no-hay-khong.html]
[web.archive.org/web/20250326143122/https_/provina.vn/blog/day-dai-an-toan.html]
[web.archive.org/web/20250216120559/https_/provina.vn/blog/can-bao-nhieu-day-tang-do-de-chang-hang-hoa-an-toan.html]
[web.archive.org/web/20250326142635/https_/provina.vn/blog/diu-em-be.html]
[web.archive.org/web/20241011154737/https_/provina.vn/blog/5-loi-khuyen-de-bao-tri-thiet-bi-nang.html]
[web.archive.org/web/20250216110316/https_/provina.vn/blog/quan-ly-hang-ton-kho.html]
[web.archive.org/web/20240303164614/https_/provina.vn/blog/mua-day-cau-hang-truc-tuyen.html]
[web.archive.org/web/20250123003733/https_/provina.vn/blog/su-dung-day-cap-vai-1-tan-cho-ghe-tua-thuong-ngay.html]
[web.archive.org/web/20250216112624/https_/provina.vn/blog/khong-nen-mua-thiet-bi-nang-ha-da-qua-su-dung.html]
[web.archive.org/web/20240909062216/https_/provina.vn/blog/mang-pe-kho-lon.html]
[web.archive.org/web/20250123004512/https_/provina.vn/blog/day-nhua-buoc-hang.html]
[web.archive.org/web/20250123010009/https_/provina.vn/blog/5-video-day-tang-do-tren-youtube.html]
[web.archive.org/web/20250216124829/https_/provina.vn/blog/5-thiet-bi-tai-xe-nen-co-khi-di-chuyen.html]
[web.archive.org/web/20241205095132/https_/provina.vn/blog/moi-thu-ban-can-biet-ve-cap-nang-hang.html]
[web.archive.org/web/20250123012825/https_/provina.vn/blog/day-polyester.html]
[web.archive.org/web/20250216125236/https_/provina.vn/blog/khu-trung-day-chang-hang-de-ngan-chan-su-lay-truyen-cua-vi-rut-covid-19.html]
[web.archive.org/web/20241205093755/https_/provina.vn/blog/cac-loai-khoa-tang-do.html]
[web-static.archive.org/_static/js/bundle-playbackbc40.js]
[web-static.archive.org/_static/js/wombatbc40.js]
[web-static.archive.org/_static/js/ruffle/ruffle.js]
[web-static.archive.org/_static/css/banner-stylesbc40.css]
[web-static.archive.org/_static/css/iconochivebc40.css]
[web.archive.org/web/20250123234909im_/https_/media.loveitopcdn.com/25285/thumb/untitled-3.jpg]
[backblue.gif]
[fade.gif]
[index.html]
[web.archive.org/web/20250427052758cs_/https_/static.loveitopcdn.com/plugins/bootstrap-4.3.1/css/bootstrap.min.css]
[web.archive.org/web/20250427052756cs_/https_/static.loveitopcdn.com/plugins/normalize/normalize.min.css]
[web.archive.org/web/20250427052756cs_/https_/static.loveitopcdn.com/plugins/jquery-ui/jquery-ui-custom.min.css]
[web.archive.org/web/20250427052756cs_/https_/static.loveitopcdn.com/themes/base/css/plugindacc.css]
[web.archive.org/web/20250123234847im_/https_/media.loveitopcdn.com/25285/thumb/bg-footer.jpg]
[web.archive.org/web/20250427052755cs_/https_/static.loveitopcdn.com/themes/base/css/common212e.css]
[web.archive.org/web/20250427052755cs_/https_/static.loveitopcdn.com/themes/base3/css/main31d0.css]
[web.archive.org/web/20250427052756cs_/https_/static.loveitopcdn.com/themes/base3/css/widgetsba43.css]
[web.archive.org/web/20250427052756cs_/https_/static.loveitopcdn.com/plugins/fontawesome-free-5.15.3/css/all.min.css]
[web.archive.org/web/20250427052756cs_/https_/static.loveitopcdn.com/plugins/lite-youtube/lite-yt-embed.min.css]
[web.archive.org/web/20250427052757js_/https_/static.loveitopcdn.com/plugins/jquery-3.3.1/jquery.min.js]
[web.archive.org/web/20250123234910im_/https_/images.dmca.com/Badges/dmca_protected_2_1206467.png]
[web.archive.org/web/20250427000006js_/https_/images.dmca.com/Badges/DMCABadgeHelper.min.js]
[web.archive.org/web/20250428155446js_/https_/menu.metu.vn/static/js/sdkb2c1.js]
[web.archive.org/web/20250413081620im_/https_/static.loveitopcdn.com/backend/images/flags/en.png]
[web.archive.org/web/20250422223342cs_/https_/static.loveitopcdn.com/themes/base3/css/header_magazine80d7.css]
[web.archive.org/web/20250123234905im_/https_/media.loveitopcdn.com/25285/thumb/logo-provina-01-1.png]
[web.archive.org/web/20250124000459im_/https_/media.loveitopcdn.com/25285/provina.png]
[web.archive.org/web/20250426232838/http_/pinterest.com/pin/create/link/index526a.html]
[web.archive.org/web/20250427052814/https_/static.loveitopcdn.com/themes/base1/images/avatar/avatar.png]
[web.archive.org/web/20250123234912/https_/media.loveitopcdn.com/25285/untitled-5.png]
[web.archive.org/web/20250427052802im_/https_/static.loveitopcdn.com/backend/images/payment/paypal.png]
[web.archive.org/web/20250415195033im_/https_/static.loveitopcdn.com/backend/images/payment/master-card.png]
[web.archive.org/web/20250427052803im_/https_/static.loveitopcdn.com/backend/images/payment/visa.png]
[web.archive.org/web/20250123234914im_/https_/static.loveitopcdn.com/backend/images/payment/cash.png]
[web.archive.org/web/20250427052758im_/https_/static.loveitopcdn.com/themes/base/images/icons-link/icon-facebook.png]
[web.archive.org/web/20250427052759im_/https_/static.loveitopcdn.com/themes/base/images/icons-link/icon-twitter.png]
[web.archive.org/web/20250427052800im_/https_/static.loveitopcdn.com/themes/base/images/icons-link/icon-youtube.png]
[web.archive.org/web/20250427052759im_/https_/static.loveitopcdn.com/themes/base/images/icons-link/icon-instagram.png]
[web.archive.org/web/20250427052800im_/https_/static.loveitopcdn.com/themes/base/images/icons-link/icon-linkedin.png]
[web.archive.org/web/20250427052803im_/https_/static.loveitopcdn.com/themes/base/images/icons/phone-ico.png]
[web.archive.org/web/20250427052803js_/https_/static.loveitopcdn.com/plugins/jquery-ui/jquery-ui-custom.min.js]
[web.archive.org/web/20250427052804js_/https_/static.loveitopcdn.com/themes/base/js/plugind032.js]
[web.archive.org/web/20250427052804js_/https_/static.loveitopcdn.com/themes/base/js/common3bca.js]
[web.archive.org/web/20250419113552js_/https_/static.loveitopcdn.com/themes/base3/js/headerc2c9.js]
[web.archive.org/web/20250427052803js_/https_/static.loveitopcdn.com/themes/base3/js/mainf4c4.js]
[web.archive.org/web/20250427052804js_/https_/static.loveitopcdn.com/plugins/bootstrap-4.3.1/js/bootstrap.min.js]
[web.archive.org/web/20250427052804js_/https_/static.loveitopcdn.com/plugins/lite-youtube/lite-yt-embed.min.js]
[web.archive.org/web/20250426232833/https_/www.google-analytics.com/analytics.js]
[web.archive.org/web/20250426232838/https_/provina.vn/tin-tuc/khoa-tang-do.html]
[web.archive.org/web/20250217102720cs_/https_/static.loveitopcdn.com/plugins/bootstrap-4.3.1/css/bootstrap.min.css]
[web.archive.org/web/20250217102720cs_/https_/static.loveitopcdn.com/plugins/normalize/normalize.min.css]
[web.archive.org/web/20250217102720cs_/https_/static.loveitopcdn.com/plugins/jquery-ui/jquery-ui-custom.min.css]
[web.archive.org/web/20250217102720cs_/https_/static.loveitopcdn.com/themes/base/css/plugindacc.css]
[web.archive.org/web/20250217102720cs_/https_/static.loveitopcdn.com/themes/base/css/common212e.css]
[web.archive.org/web/20250217102720cs_/https_/static.loveitopcdn.com/themes/base3/css/main9848.css]
[web.archive.org/web/20250217102721cs_/https_/static.loveitopcdn.com/themes/base3/css/widgetsba43.css]
[web.archive.org/web/20250217102721cs_/https_/static.loveitopcdn.com/plugins/fontawesome-free-5.15.3/css/all.min.css]
[web.archive.org/web/20250217102721cs_/https_/static.loveitopcdn.com/plugins/lite-youtube/lite-yt-embed.min.css]
[web.archive.org/web/20250217102722js_/https_/static.loveitopcdn.com/plugins/jquery-3.3.1/jquery.min.js]
[web.archive.org/web/20250216110844js_/https_/images.dmca.com/Badges/DMCABadgeHelper.min.js]
[web.archive.org/web/20250217020630js_/https_/menu.metu.vn/static/js/sdkb2c1.js]
[web.archive.org/web/20250217102722im_/https_/static.loveitopcdn.com/backend/images/flags/en.png]
[web.archive.org/web/20250123234919cs_/https_/static.loveitopcdn.com/themes/base3/css/header_magazine80d7.css]
[web.archive.org/web/20250216114809/http_/pinterest.com/pin/create/link/index26fa.html]
[web.archive.org/web/20250221102122/https_/static.loveitopcdn.com/themes/base1/images/avatar/avatar.png]
[web.archive.org/web/20250226084200im_/https_/static.loveitopcdn.com/backend/images/payment/paypal.png]
[web.archive.org/web/20250226084200im_/https_/static.loveitopcdn.com/backend/images/payment/master-card.png]
[web.archive.org/web/20250226084201im_/https_/static.loveitopcdn.com/backend/images/payment/visa.png]
[web.archive.org/web/20250219152306im_/https_/static.loveitopcdn.com/themes/base/images/icons-link/icon-facebook.png]
[web.archive.org/web/20250226083606im_/https_/static.loveitopcdn.com/themes/base/images/icons-link/icon-twitter.png]
[web.archive.org/web/20250219152306im_/https_/static.loveitopcdn.com/themes/base/images/icons-link/icon-youtube.png]
[web.archive.org/web/20250226083607im_/https_/static.loveitopcdn.com/themes/base/images/icons-link/icon-instagram.png]
[web.archive.org/web/20250226083803im_/https_/static.loveitopcdn.com/themes/base/images/icons-link/icon-linkedin.png]
[web.archive.org/web/20250219152306im_/https_/static.loveitopcdn.com/themes/base/images/icons/phone-ico.png]
[web.archive.org/web/20250217102723js_/https_/static.loveitopcdn.com/plugins/jquery-ui/jquery-ui-custom.min.js]
[web.archive.org/web/20250217102723js_/https_/static.loveitopcdn.com/themes/base/js/plugind032.js]
[web.archive.org/web/20250217102723js_/https_/static.loveitopcdn.com/themes/base/js/common3bca.js]
[web.archive.org/web/20250217102723js_/https_/static.loveitopcdn.com/themes/base3/js/headerc2c9.js]
[web.archive.org/web/20250217102724js_/https_/static.loveitopcdn.com/themes/base3/js/mainf4c4.js]
[web.archive.org/web/20250217102724js_/https_/static.loveitopcdn.com/plugins/bootstrap-4.3.1/js/bootstrap.min.js]
[web.archive.org/web/20250217102724js_/https_/static.loveitopcdn.com/plugins/lite-youtube/lite-yt-embed.min.js]
[web.archive.org/web/20250216114809/https_/provina.vn/tin-tuc/tang-do-tieng-anh-la-gi.html]
[web.archive.org/web/20241204023426cs_/https_/static.loveitopcdn.com/plugins/bootstrap-4.3.1/css/bootstrap.min.css]
[web.archive.org/web/20241204023311cs_/https_/static.loveitopcdn.com/plugins/normalize/normalize.min.css]
[web.archive.org/web/20241204023311cs_/https_/static.loveitopcdn.com/plugins/jquery-ui/jquery-ui-custom.min.css]
[web.archive.org/web/20241204023311cs_/https_/static.loveitopcdn.com/themes/base/css/plugindacc.css]
[web.archive.org/web/20241204023311cs_/https_/static.loveitopcdn.com/themes/base/css/common212e.css]
[web.archive.org/web/20241204023311cs_/https_/static.loveitopcdn.com/themes/base3/css/main5c54.css]
[web.archive.org/web/20241204023311cs_/https_/static.loveitopcdn.com/themes/base3/css/widgetsba43.css]
[web.archive.org/web/20241204023312cs_/https_/static.loveitopcdn.com/plugins/fontawesome-free-5.15.3/css/all.min.css]
[web.archive.org/web/20241226034641cs_/https_/static.loveitopcdn.com/plugins/lite-youtube/lite-yt-embed.min.css]
[web.archive.org/web/20241204023312js_/https_/static.loveitopcdn.com/plugins/jquery-3.3.1/jquery.min.js]
[web.archive.org/web/20241205095728js_/https_/images.dmca.com/Badges/DMCABadgeHelper.min.js]
[web.archive.org/web/20241207014344js_/https_/menu.metu.vn/static/js/sdkb2c1.js]
[web.archive.org/web/20250111061358im_/https_/static.loveitopcdn.com/backend/images/flags/en.png]
[web.archive.org/web/20241108031347im_/https_/media.loveitopcdn.com/25285/thumb/logo-provina-01-1.png]
[web.archive.org/web/20241205093518/http_/pinterest.com/pin/create/link/indexef42.html]
[web.archive.org/web/20241229014006/https_/static.loveitopcdn.com/themes/base1/images/avatar/avatar.png]
[web.archive.org/web/20241204023315im_/https_/static.loveitopcdn.com/backend/images/payment/paypal.png]
[web.archive.org/web/20241204023316im_/https_/static.loveitopcdn.com/backend/images/payment/master-card.png]
[web.archive.org/web/20241204023316im_/https_/static.loveitopcdn.com/backend/images/payment/visa.png]
[web.archive.org/web/20241204023314im_/https_/static.loveitopcdn.com/themes/base/images/icons-link/icon-facebook.png]
[web.archive.org/web/20241204023314im_/https_/static.loveitopcdn.com/themes/base/images/icons-link/icon-twitter.png]
[web.archive.org/web/20241204023315im_/https_/static.loveitopcdn.com/themes/base/images/icons-link/icon-youtube.png]
[web.archive.org/web/20241204023316im_/https_/static.loveitopcdn.com/themes/base/images/icons-link/icon-instagram.png]
[web.archive.org/web/20250104020109im_/https_/static.loveitopcdn.com/themes/base/images/icons-link/icon-linkedin.png]
[web.archive.org/web/20241204023314im_/https_/static.loveitopcdn.com/themes/base/images/icons/phone-ico.png]
[web.archive.org/web/20241204023316js_/https_/static.loveitopcdn.com/plugins/jquery-ui/jquery-ui-custom.min.js]
[web.archive.org/web/20241204023431js_/https_/static.loveitopcdn.com/themes/base/js/plugind032.js]
[web.archive.org/web/20241204023316js_/https_/static.loveitopcdn.com/themes/base/js/common362f.js]
[web.archive.org/web/20241204023316js_/https_/static.loveitopcdn.com/themes/base3/js/headerc2c9.js]
[web.archive.org/web/20241204023316js_/https_/static.loveitopcdn.com/themes/base3/js/main0947.js]
[web.archive.org/web/20241204023316js_/https_/static.loveitopcdn.com/plugins/bootstrap-4.3.1/js/bootstrap.min.js]
[web.archive.org/web/20241226034643js_/https_/static.loveitopcdn.com/plugins/lite-youtube/lite-yt-embed.min.js]
[web.archive.org/web/20241205093811/http_/www.google-analytics.com/analytics.js]
[web.archive.org/web/20241205093518/https_/provina.vn/tin-tuc/day-dai-det-polypropylene.html]
[web.archive.org/web/20250427003333/http_/pinterest.com/pin/create/link/index5664.html]
[web.archive.org/web/20250427003914/https_/www.google-analytics.com/analytics.js]
[web.archive.org/web/20250427003333/https_/provina.vn/tin-tuc/day-cap-vai-cau-hang-tieng-trung-la-gi.html]
[web.archive.org/web/20250320013505cs_/https_/static.loveitopcdn.com/plugins/bootstrap-4.3.1/css/bootstrap.min.css]
[web.archive.org/web/20250320013505cs_/https_/static.loveitopcdn.com/plugins/normalize/normalize.min.css]
[web.archive.org/web/20250320013505cs_/https_/static.loveitopcdn.com/plugins/jquery-ui/jquery-ui-custom.min.css]
[web.archive.org/web/20250320013505cs_/https_/static.loveitopcdn.com/themes/base/css/plugindacc.css]
[web.archive.org/web/20250320013505cs_/https_/static.loveitopcdn.com/themes/base/css/common212e.css]
[web.archive.org/web/20250323084531cs_/https_/static.loveitopcdn.com/themes/base3/css/main31d0.css]
[web.archive.org/web/20250320013506cs_/https_/static.loveitopcdn.com/themes/base3/css/widgetsba43.css]
[web.archive.org/web/20250320013506cs_/https_/static.loveitopcdn.com/plugins/fontawesome-free-5.15.3/css/all.min.css]
[web.archive.org/web/20250419113551cs_/https_/static.loveitopcdn.com/plugins/lite-youtube/lite-yt-embed.min.css]
[web.archive.org/web/20250320013506js_/https_/static.loveitopcdn.com/plugins/jquery-3.3.1/jquery.min.js]
[web.archive.org/web/20250326172216js_/https_/images.dmca.com/Badges/DMCABadgeHelper.min.js]
[web.archive.org/web/20250324102105js_/https_/menu.metu.vn/static/js/sdkb2c1.js]
[web.archive.org/web/20250320085149im_/https_/static.loveitopcdn.com/backend/images/flags/en.png]
[web.archive.org/web/20250419113550cs_/https_/static.loveitopcdn.com/themes/base3/css/header_magazine80d7.css]
[web.archive.org/web/20250326152834/http_/pinterest.com/pin/create/link/index547c.html]
[web.archive.org/web/20250227050122im_/https_/static.loveitopcdn.com/backend/images/payment/paypal.png]
[web.archive.org/web/20250227050126im_/https_/static.loveitopcdn.com/backend/images/payment/visa.png]
[web.archive.org/web/20250419113552im_/https_/static.loveitopcdn.com/themes/base/images/icons-link/icon-facebook.png]
[web.archive.org/web/20250419113552im_/https_/static.loveitopcdn.com/themes/base/images/icons-link/icon-youtube.png]
[web.archive.org/web/20250419113553im_/https_/static.loveitopcdn.com/themes/base/images/icons/phone-ico.png]
[web.archive.org/web/20250320013507js_/https_/static.loveitopcdn.com/plugins/jquery-ui/jquery-ui-custom.min.js]
[web.archive.org/web/20250320013507js_/https_/static.loveitopcdn.com/themes/base/js/plugind032.js]
[web.archive.org/web/20250320013507js_/https_/static.loveitopcdn.com/themes/base/js/common3bca.js]
[web.archive.org/web/20250320013507js_/https_/static.loveitopcdn.com/themes/base3/js/headerc2c9.js]
[web.archive.org/web/20250320013507js_/https_/static.loveitopcdn.com/themes/base3/js/mainf4c4.js]
[web.archive.org/web/20250320013508js_/https_/static.loveitopcdn.com/plugins/bootstrap-4.3.1/js/bootstrap.min.js]
[web.archive.org/web/20250419113554js_/https_/static.loveitopcdn.com/plugins/lite-youtube/lite-yt-embed.min.js]
[web.archive.org/web/20250326152844/https_/www.google-analytics.com/analytics.js]
[web.archive.org/web/20250326152834/https_/provina.vn/tin-tuc/day-cap-bat.html]
[web.archive.org/web/20250216110809/http_/pinterest.com/pin/create/link/index0e16.html]
[web.archive.org/web/20250216110826/https_/www.google-analytics.com/analytics.js]
[web.archive.org/web/20250216110809/https_/provina.vn/tin-tuc/cong-ty-san-xuat-day-dai-det.html]
[web.archive.org/web/20250216130838js_/http_/images.dmca.com/Badges/DMCABadgeHelper.min.js]
[web.archive.org/web/20250216130058/http_/pinterest.com/pin/create/link/index069b.html]
[web.archive.org/web/20250216123323/https_/www.google-analytics.com/analytics.js]
[web.archive.org/web/20250216130058/https_/provina.vn/tin-tuc/day-chang-tang-do-tphcm.html]
[web.archive.org/web/20250128183850cs_/https_/static.loveitopcdn.com/plugins/bootstrap-4.3.1/css/bootstrap.min.css]
[web.archive.org/web/20250128183850cs_/https_/static.loveitopcdn.com/plugins/normalize/normalize.min.css]
[web.archive.org/web/20250128183851cs_/https_/static.loveitopcdn.com/plugins/jquery-ui/jquery-ui-custom.min.css]
[web.archive.org/web/20250128183851cs_/https_/static.loveitopcdn.com/themes/base/css/plugindacc.css]
[web.archive.org/web/20250128183851cs_/https_/static.loveitopcdn.com/themes/base/css/common212e.css]
[web.archive.org/web/20250128183851cs_/https_/static.loveitopcdn.com/themes/base3/css/main9848.css]
[web.archive.org/web/20250128183851cs_/https_/static.loveitopcdn.com/themes/base3/css/widgetsba43.css]
[web.archive.org/web/20250128183851cs_/https_/static.loveitopcdn.com/plugins/fontawesome-free-5.15.3/css/all.min.css]
[web.archive.org/web/20250128183851cs_/https_/static.loveitopcdn.com/plugins/lite-youtube/lite-yt-embed.min.css]
[web.archive.org/web/20250128183849js_/https_/static.loveitopcdn.com/plugins/jquery-3.3.1/jquery.min.js]
[web.archive.org/web/20250123001502js_/https_/images.dmca.com/Badges/DMCABadgeHelper.min.js]
[web.archive.org/web/20250124212326js_/https_/menu.metu.vn/static/js/sdkb2c1.js]
[web.archive.org/web/20250123234905im_/https_/static.loveitopcdn.com/backend/images/flags/en.png]
[web.archive.org/web/20250123001215/http_/pinterest.com/pin/create/link/index6870.html]
[web.archive.org/web/20250123001215/https_/provina.vn/tin-tuc/ung-dung-day-tang-do-trong-nong-nghiep.html]
[web.archive.org/web/20250128183930/https_/static.loveitopcdn.com/themes/base1/images/avatar/avatar.png]
[web.archive.org/web/20250111061402im_/https_/static.loveitopcdn.com/backend/images/payment/paypal.png]
[web.archive.org/web/20250111061402im_/https_/static.loveitopcdn.com/backend/images/payment/master-card.png]
[web.archive.org/web/20250111061402im_/https_/static.loveitopcdn.com/backend/images/payment/visa.png]
[web.archive.org/web/20250111061403im_/https_/static.loveitopcdn.com/themes/base/images/icons-link/icon-facebook.png]
[web.archive.org/web/20250104020123im_/https_/static.loveitopcdn.com/themes/base/images/icons-link/icon-twitter.png]
[web.archive.org/web/20250104020054im_/https_/static.loveitopcdn.com/themes/base/images/icons-link/icon-youtube.png]
[web.archive.org/web/20250104020039im_/https_/static.loveitopcdn.com/themes/base/images/icons-link/icon-instagram.png]
[web.archive.org/web/20250128183847im_/https_/static.loveitopcdn.com/themes/base/images/icons/phone-ico.png]
[web.archive.org/web/20250128183849js_/https_/static.loveitopcdn.com/plugins/jquery-ui/jquery-ui-custom.min.js]
[web.archive.org/web/20250128183849js_/https_/static.loveitopcdn.com/themes/base/js/plugind032.js]
[web.archive.org/web/20250128183849js_/https_/static.loveitopcdn.com/themes/base/js/common3bca.js]
[web.archive.org/web/20250128183849js_/https_/static.loveitopcdn.com/themes/base3/js/headerc2c9.js]
[web.archive.org/web/20250123234857js_/https_/static.loveitopcdn.com/themes/base3/js/mainf4c4.js]
[web.archive.org/web/20250128183850js_/https_/static.loveitopcdn.com/plugins/bootstrap-4.3.1/js/bootstrap.min.js]
[web.archive.org/web/20250128183850js_/https_/static.loveitopcdn.com/plugins/lite-youtube/lite-yt-embed.min.js]
[web.archive.org/web/20250123000922/https_/www.google-analytics.com/analytics.js]
[web.archive.org/web/20250123001215/https_/provina.vn/tin-tuc/cach-su-dung-khoa-tang-do.html]
[web.archive.org/web/20250427001751/http_/pinterest.com/pin/create/link/index3191.html]
[web.archive.org/web/20250427001022/https_/www.google-analytics.com/analytics.js]
[web.archive.org/web/20250427001751/https_/provina.vn/tin-tuc/xuat-khau-day-dai-det.html]
[web.archive.org/web/20250216111321/http_/pinterest.com/pin/create/link/indexbae6.html]
[web.archive.org/web/20250216111240/https_/google-analytics.com/analytics.js]
[web.archive.org/web/20250216111321/https_/provina.vn/tin-tuc/day-chang-hang-tang-do-moc-j-va-moc-s-khac-nhau-the-nao.html]
[web.archive.org/web/20241205095308/http_/pinterest.com/pin/create/link/index405c.html]
[web.archive.org/web/20241205100020/https_/www.google-analytics.com/analytics.js]
[web.archive.org/web/20241205095308/https_/provina.vn/tin-tuc/ma-mau-day-cau-vai.html]
[web.archive.org/web/20250427001144/https_/provina.vn/tin-tuc/webbing và dây thừng]
[web.archive.org/web/20250427001144/https_/provina.vn/tin-tuc/ứng dụng webbing trên tàu, thuyền]
[web.archive.org/web/20250427001144/https_/provina.vn/tin-tuc/chất liệu polyester]
[web.archive.org/web/20250427001144/https_/provina.vn/tin-tuc/chất liệu polypropylene]
[web.archive.org/web/20250427001144/https_/provina.vn/tin-tuc/chất liệu nylon]
[web.archive.org/web/20250427001144/http_/pinterest.com/pin/create/link/index764a.html]
[web.archive.org/web/20250427001144/https_/provina.vn/tin-tuc/webbing-su-dung-trong-cong-nghiep.html]
[web.archive.org/web/20250326124628js_/https_/images.dmca.com/Badges/DMCABadgeHelper.min.js]
[web.archive.org/web/20250326135242/https_/provina.vn/tin-tuc/dây đai trong ngành công nghiệp]
[web.archive.org/web/20250326135242/https_/provina.vn/tin-tuc/dây đai sử dụng trong cẩu hàng]
[web.archive.org/web/20250326135242/http_/pinterest.com/pin/create/link/index2925.html]
[web.archive.org/web/20250326135238/https_/www.google-analytics.com/analytics.js]
[web.archive.org/web/20250326135242/https_/provina.vn/tin-tuc/day-dai-la-gi.html]
[web.archive.org/web/20241205091751/http_/pinterest.com/pin/create/link/indexcaf2.html]
[web.archive.org/web/20241205091142/https_/www.google-analytics.com/analytics.js]
[web.archive.org/web/20241205091751/https_/provina.vn/tin-tuc/do-day-chuan-cua-day-dai-det.html]
[web.archive.org/web/20250123012156js_/https_/images.dmca.com/Badges/DMCABadgeHelper.min.js]
[web.archive.org/web/20250123011350/http_/pinterest.com/pin/create/link/index425a.html]
[web.archive.org/web/20250123011428/https_/www.google-analytics.com/analytics.js]
[web.archive.org/web/20250123011350/https_/provina.vn/tin-tuc/day-dai-det-tai-binh-duong.html]
[web.archive.org/web/20241205100722js_/https_/images.dmca.com/Badges/DMCABadgeHelper.min.js]
[web.archive.org/web/20241205104818/http_/pinterest.com/pin/create/link/index5c16.html]
[web.archive.org/web/20241205104841/https_/www.google-analytics.com/analytics.js]
[web.archive.org/web/20241205104818/https_/provina.vn/tin-tuc/day-chuyen-san-xuat-day-dai-det.html]
[web.archive.org/web/20241031211708cs_/https_/static.loveitopcdn.com/themes/base3/css/main7ddc.css]
[web.archive.org/web/20241112134005js_/https_/images.dmca.com/Badges/DMCABadgeHelper.min.js]
[web.archive.org/web/20241118171120js_/https_/menu.metu.vn/static/js/sdkb2c1.js]
[web.archive.org/web/20240924080323im_/https_/static.loveitopcdn.com/backend/images/flags/en.png]
[web.archive.org/web/20240915201106cs_/https_/static.loveitopcdn.com/themes/base3/css/header_magazine80d7.css]
[web.archive.org/web/20241112133032/https_/provina.vn/tin-tuc/dây đai chàng hàng container]
[web.archive.org/web/20241112133032/http_/pinterest.com/pin/create/link/index6b6a.html]
[web.archive.org/web/20241008195454/https_/static.loveitopcdn.com/themes/base1/images/avatar/avatar.png]
[web.archive.org/web/20240924080324im_/https_/static.loveitopcdn.com/backend/images/payment/cash.png]
[web.archive.org/web/20241130042119im_/https_/static.loveitopcdn.com/themes/base/images/icons-link/icon-youtube.png]
[web.archive.org/web/20241008195355js_/https_/static.loveitopcdn.com/themes/base/js/common7ec2.js]
[web.archive.org/web/20241112133028/https_/www.google-analytics.com/analytics.js]
[web.archive.org/web/20241112133032/https_/provina.vn/tin-tuc/day-dai-chang-hang-container.html]
[web.archive.org/web/20241205090452/https_/media.loveitopcdn.com/25285/cong-cu-can-chuan-bi-truoc-khi-thao-lap.jpg]
[web.archive.org/web/20241205090452/https_/media.loveitopcdn.com/25285/huong-dan-thao-day-tang-do-an-toan.jpg]
[web.archive.org/web/20241205090452/https_/media.loveitopcdn.com/25285/huong-dan-lap-day-tang-do-an-toan.jpg]
[web.archive.org/web/20241205090452/http_/pinterest.com/pin/create/link/indexb878.html]
[web.archive.org/web/20241205090604/https_/google-analytics.com/analytics.js]
[web.archive.org/web/20241205090452/https_/provina.vn/tin-tuc/huong-dan-thao-lap-day-tang-do-nhanh-chong-va-an-toan.html]
[web.archive.org/web/20250122233426js_/https_/images.dmca.com/Badges/DMCABadgeHelper.min.js]
[web.archive.org/web/20250122232149/http_/pinterest.com/pin/create/link/index56d8.html]
[web.archive.org/web/20250122232356/https_/www.google-analytics.com/analytics.js]
[web.archive.org/web/20250122232149/https_/provina.vn/tin-tuc/day-tang-do-tieng-anh-la-gi.html]
[web.archive.org/web/20250123000702js_/https_/images.dmca.com/Badges/DMCABadgeHelper.min.js]
[web.archive.org/web/20250123000530/http_/pinterest.com/pin/create/link/index2169.html]
[web.archive.org/web/20250123000726/https_/www.google-analytics.com/analytics.js]
[web.archive.org/web/20250123000530/https_/provina.vn/tin-tuc/bang-thong-so-ky-thuat-cap-vai-cau-hang.html]
[web.archive.org/web/20250122235211/http_/pinterest.com/pin/create/link/indexfbb7.html]
[web.archive.org/web/20250122235443/https_/www.google-analytics.com/analytics.js]
[web.archive.org/web/20250122235211/https_/provina.vn/tin-tuc/day-chang-hang-co-tang-do-ban-5-tan.html]
[web.archive.org/web/20230311035810im_/https_/media.loveitopcdn.com/25285/untitled-3.jpg]
[web.archive.org/web/20221114171318cs_/https_/static.loveitopcdn.com/plugins/bootstrap-4.3.1/css/bootstrap.min.css]
[web.archive.org/web/20221114171318cs_/https_/static.loveitopcdn.com/plugins/normalize/normalize.min.css]
[web.archive.org/web/20221114171318cs_/https_/static.loveitopcdn.com/plugins/jquery-ui/jquery-ui-custom.min.css]
[web.archive.org/web/20221114171318cs_/https_/static.loveitopcdn.com/themes/base/css/plugindacc.css]
[web.archive.org/web/20230308134639im_/https_/media.loveitopcdn.com/25285/bg-footer.jpg]
[web.archive.org/web/20221114171320cs_/https_/static.loveitopcdn.com/themes/base/css/common2d6a.css]
[web.archive.org/web/20230126152815cs_/https_/static.loveitopcdn.com/themes/base3/css/main15a4.css]
[web.archive.org/web/20221114171319cs_/https_/static.loveitopcdn.com/themes/base3/css/widgets3a2e.css]
[web.archive.org/web/20221114171318cs_/https_/static.loveitopcdn.com/plugins/fontawesome-free-5.15.3/css/all.min.css]
[web.archive.org/web/20221112143524js_/https_/static.loveitopcdn.com/plugins/jquery-3.3.1/jquery.min.js]
[web.archive.org/web/20230308152439im_/https_/images.dmca.com/Badges/dmca_protected_2_1206467.png]
[web.archive.org/web/20221129154935js_/https_/images.dmca.com/Badges/DMCABadgeHelper.min.js]
[web.archive.org/web/20221122175244js_/https_/menu.metu.vn/static/js/sdkb2c1.js]
[web.archive.org/web/20230220220235im_/https_/static.loveitopcdn.com/backend/images/payment/paypal.png]
[web.archive.org/web/20221114171325im_/https_/static.loveitopcdn.com/backend/images/payment/master-card.png]
[web.archive.org/web/20221114171325im_/https_/static.loveitopcdn.com/backend/images/payment/visa.png]
[web.archive.org/web/20221114171324im_/https_/static.loveitopcdn.com/themes/base/images/icons-link/icon-facebook.png]
[web.archive.org/web/20220806124352im_/https_/static.loveitopcdn.com/themes/base/images/icons-link/icon-twitter.png]
[web.archive.org/web/20221114171324im_/https_/static.loveitopcdn.com/themes/base/images/icons-link/icon-youtube.png]
[web.archive.org/web/20221114171325im_/https_/static.loveitopcdn.com/themes/base/images/icons-link/icon-instagram.png]
[web.archive.org/web/20220925044731im_/https_/static.loveitopcdn.com/themes/base/images/icons-link/icon-linkedin.png]
[web.archive.org/web/20230308140816im_/https_/media.loveitopcdn.com/25285/provina.png]
[web.archive.org/web/20221129155017/http_/pinterest.com/pin/create/link/index6369.html]
[web.archive.org/web/20221129155017/https_/provina.vn/tin-tuc/cach-su-dung-day-chang-hang-tang-do-vao-nam-2022.html]
[web.archive.org/web/20230220171625/https_/static.loveitopcdn.com/themes/base1/images/avatar/avatar.png]
[web.archive.org/web/20221112163433im_/https_/static.loveitopcdn.com/backend/images/flags/en.png]
[web.archive.org/web/20220726015638cs_/https_/static.loveitopcdn.com/themes/base3/css/header_magazine80d7.css]
[web.archive.org/web/20230514210701im_/https_/media.loveitopcdn.com/25285/provina-logo.jpg]
[web.archive.org/web/20221114171327im_/https_/static.loveitopcdn.com/themes/base/images/icons/facebook-messenger.png]
[web.archive.org/web/20221114171325im_/https_/static.loveitopcdn.com/themes/base1/images/facebook-messenger.png]
[web.archive.org/web/20221114171325js_/https_/static.loveitopcdn.com/plugins/jquery-ui/jquery-ui-custom.min.js]
[web.archive.org/web/20221114171326js_/https_/static.loveitopcdn.com/themes/base/js/plugin4fbb.js]
[web.archive.org/web/20221126004525js_/https_/static.loveitopcdn.com/themes/base/js/common6790.js]
[web.archive.org/web/20221114171326js_/https_/static.loveitopcdn.com/themes/base3/js/headerfb0e.js]
[web.archive.org/web/20221114171326js_/https_/static.loveitopcdn.com/themes/base3/js/maine75e.js]
[web.archive.org/web/20221114171326js_/https_/static.loveitopcdn.com/plugins/bootstrap-4.3.1/js/bootstrap.min.js]
[web.archive.org/web/20221129154859/https_/www.google-analytics.com/analytics.js]
[web.archive.org/web/20221129155017/https_/provina.vn/tin-tuc/nhung-dieu-can-biet-khi-dung-day-cap-vai-cau-hang.html]
[web.archive.org/web/20241205104900/http_/pinterest.com/pin/create/link/index7da9.html]
[web.archive.org/web/20241205104900/https_/provina.vn/tin-tuc/day-dai-vai-bo.html]
[web.archive.org/web/20241205095815/http_/pinterest.com/pin/create/link/index8ee5.html]
[web.archive.org/web/20241205095815/https_/provina.vn/tin-tuc/su-khac-biet-giua-webbing-slings-so-voi-round-slings.html]
[web.archive.org/web/20250216125804/http_/pinterest.com/pin/create/link/indexff25.html]
[web.archive.org/web/20250216125804/https_/provina.vn/tin-tuc/det-day-dai.html]
[web.archive.org/web/20241205101519/https_/provina.vn/tin-tuc/mất dệt đai dây vải và ứng dụng]
[web.archive.org/web/20241205101519/http_/pinterest.com/pin/create/link/indexe0a9.html]
[web.archive.org/web/20241205102951/https_/www.google-analytics.com/analytics.js]
[web.archive.org/web/20241205101519/https_/provina.vn/tin-tuc/may-det-dai.html]
[web.archive.org/web/20241205101912/http_/pinterest.com/pin/create/link/index7041.html]
[web.archive.org/web/20241205101912/https_/provina.vn/tin-tuc/round-sling-la-gi.html]
[web.archive.org/web/20241112130518js_/https_/images.dmca.com/Badges/DMCABadgeHelper.min.js]
[web.archive.org/web/20241112130547/http_/pinterest.com/pin/create/link/index4346.html]
[web.archive.org/web/20241112130548/https_/www.google-analytics.com/analytics.js]
[web.archive.org/web/20241112130547/https_/provina.vn/tin-tuc/xuong-san-xuat-day-cap-vai-cau-hang-tai-binh-duong.html]
[web.archive.org/web/20250122234149/https_/media.loveitopcdn.com/25285/ban-day-tang-do-tai-ha-noi-1.jpg]
[web.archive.org/web/20250122234149/http_/pinterest.com/pin/create/link/indexa406.html]
[web.archive.org/web/20250122234200/https_/www.google-analytics.com/analytics.js]
[web.archive.org/web/20250122234149/https_/provina.vn/tin-tuc/ban-day-tang-do-tai-ha-noi.html]
[web.archive.org/web/20250122232817/http_/pinterest.com/pin/create/link/indexe1fa.html]
[web.archive.org/web/20250122232817/https_/provina.vn/tin-tuc/day-cao-chang-hang-hang-nang-va-day-cao-hang-nhe.html]
[web.archive.org/web/20250122232724/https_/www.google-analytics.com/analytics.js]
[web.archive.org/web/20250122232817/https_/provina.vn/tin-tuc/he-so-an-toan-day-cau-hang-la-gi.html]
[web.archive.org/web/20241205104533/http_/pinterest.com/pin/create/link/index5d19.html]
[web.archive.org/web/20241205104702/https_/google-analytics.com/analytics.js]
[web.archive.org/web/20241205104533/https_/provina.vn/tin-tuc/gia-day-cap-cau-hang.html]
[web.archive.org/web/20250123002757/https_/provina.vn/tin-tuc/các câu hỏi liên quan đến công ty sản xuất dây đai vải]
[web.archive.org/web/20250123002757/https_/provina.vn/tin-tuc/nhà sản xuất dây đai vải]
[web.archive.org/web/20250123002757/https_/provina.vn/tin-tuc/Dây tăng đơ bản 25mm]
[web.archive.org/web/20250123002757/http_/pinterest.com/pin/create/link/index31c6.html]
[web.archive.org/web/20250123002922/https_/www.google-analytics.com/analytics.js]
[web.archive.org/web/20250123002757/https_/provina.vn/tin-tuc/san-xuat-day-dai-vai.html]
[web.archive.org/web/20250216113035/http_/pinterest.com/pin/create/link/indexe2fc.html]
[web.archive.org/web/20250216113145/https_/www.google-analytics.com/analytics.js]
[web.archive.org/web/20250216113035/https_/provina.vn/tin-tuc/cau-tao-cua-day-tang-do-chang-hang.html]
[web.archive.org/web/20250326140243/https_/provina.vn/tin-tuc/gia công dây đai dệt]
[web.archive.org/web/20250326140243/http_/pinterest.com/pin/create/link/indexb5b9.html]
[web.archive.org/web/20250326140226/https_/www.google-analytics.com/analytics.js]
[web.archive.org/web/20250326140243/https_/provina.vn/tin-tuc/gia-cong-day-dai-det.html]
[web.archive.org/web/20250123000408/http_/pinterest.com/pin/create/link/indexfab9.html]
[web.archive.org/web/20250123000253/http_/www.google-analytics.com/analytics.js]
[web.archive.org/web/20250123000408/https_/provina.vn/tin-tuc/bao-ve-day-cau-hang-khi-su-dung.html]
[web.archive.org/web/20250123001644/http_/pinterest.com/pin/create/link/index0d36.html]
[web.archive.org/web/20250123001644/https_/provina.vn/tin-tuc/ung-dung-day-tang-do-trong-nong-nghiep.html]
[web.archive.org/web/20250123001644/https_/provina.vn/tin-tuc/luoi-chan-container.html]
[web.archive.org/web/20250426233631/http_/pinterest.com/pin/create/link/index82e3.html]
[web.archive.org/web/20250426233912/https_/www.google-analytics.com/analytics.js]
[web.archive.org/web/20250426233631/https_/provina.vn/tin-tuc/cau-hoi-thuong-gap-ve-day-be-cau-hang.html]
[web.archive.org/web/20241205102344/https_/provina.vn/tin-tuc/Dây polyester có tốt không]
[web.archive.org/web/20241205102344/https_/provina.vn/tin-tuc/tính chất dây polyester]
[web.archive.org/web/20241205102344/http_/pinterest.com/pin/create/link/indexae75.html]
[web.archive.org/web/20241205102344/https_/provina.vn/tin-tuc/vai-polyester-co-tot-khong.html]
[web.archive.org/web/20250508013612cs_/https_/static.loveitopcdn.com/plugins/bootstrap-4.3.1/css/bootstrap.min.css]
[web.archive.org/web/20250508013612cs_/https_/static.loveitopcdn.com/plugins/normalize/normalize.min.css]
[web.archive.org/web/20250508013612cs_/https_/static.loveitopcdn.com/plugins/jquery-ui/jquery-ui-custom.min.css]
[web.archive.org/web/20250508013612cs_/https_/static.loveitopcdn.com/themes/base/css/plugindacc.css]
[web.archive.org/web/20250508013612cs_/https_/static.loveitopcdn.com/themes/base/css/common212e.css]
[web.archive.org/web/20250508013612cs_/https_/static.loveitopcdn.com/themes/base3/css/main31d0.css]
[web.archive.org/web/20250508013613cs_/https_/static.loveitopcdn.com/themes/base3/css/widgetsba43.css]
[web.archive.org/web/20250508013613cs_/https_/static.loveitopcdn.com/plugins/fontawesome-free-5.15.3/css/all.min.css]
[web.archive.org/web/20250508013613cs_/https_/static.loveitopcdn.com/plugins/lite-youtube/lite-yt-embed.min.css]
[web.archive.org/web/20250508013613js_/https_/static.loveitopcdn.com/plugins/jquery-3.3.1/jquery.min.js]
[web.archive.org/web/20250515111446js_/https_/images.dmca.com/Badges/DMCABadgeHelper.min.js]
[web.archive.org/web/20250513183157js_/https_/menu.metu.vn/static/js/sdkb2c1.js]
[web.archive.org/web/20250610061339im_/https_/static.loveitopcdn.com/backend/images/flags/en.png]
[web.archive.org/web/20250515122619/http_/pinterest.com/pin/create/link/index2089.html]
[web.archive.org/web/20250508013618/https_/static.loveitopcdn.com/themes/base1/images/avatar/avatar.png]
[web.archive.org/web/20250508013614im_/https_/static.loveitopcdn.com/backend/images/payment/paypal.png]
[web.archive.org/web/20250508013615im_/https_/static.loveitopcdn.com/backend/images/payment/visa.png]
[web.archive.org/web/20250508013614im_/https_/static.loveitopcdn.com/themes/base/images/icons-link/icon-facebook.png]
[web.archive.org/web/20250508013614im_/https_/static.loveitopcdn.com/themes/base/images/icons-link/icon-twitter.png]
[web.archive.org/web/20250508013614im_/https_/static.loveitopcdn.com/themes/base/images/icons-link/icon-youtube.png]
[web.archive.org/web/20250427094407im_/https_/static.loveitopcdn.com/themes/base/images/icons-link/icon-instagram.png]
[web.archive.org/web/20250508013614im_/https_/static.loveitopcdn.com/themes/base/images/icons-link/icon-linkedin.png]
[web.archive.org/web/20250508013615im_/https_/static.loveitopcdn.com/themes/base/images/icons/phone-ico.png]
[web.archive.org/web/20250508013615js_/https_/static.loveitopcdn.com/plugins/jquery-ui/jquery-ui-custom.min.js]
[web.archive.org/web/20250508013615js_/https_/static.loveitopcdn.com/themes/base/js/plugind032.js]
[web.archive.org/web/20250508013615js_/https_/static.loveitopcdn.com/themes/base/js/common3bca.js]
[web.archive.org/web/20250508013616js_/https_/static.loveitopcdn.com/themes/base3/js/headerc2c9.js]
[web.archive.org/web/20250508013616js_/https_/static.loveitopcdn.com/themes/base3/js/mainf4c4.js]
[web.archive.org/web/20250508013616js_/https_/static.loveitopcdn.com/plugins/bootstrap-4.3.1/js/bootstrap.min.js]
[web.archive.org/web/20250508013616js_/https_/static.loveitopcdn.com/plugins/lite-youtube/lite-yt-embed.min.js]
[web.archive.org/web/20250515115134/https_/www.google-analytics.com/analytics.js]
[web.archive.org/web/20250515122619/https_/provina.vn/tin-tuc/xuong-san-xuat-day-tang-do.html]
[web.archive.org/web/20250427002657/http_/pinterest.com/pin/create/link/index608d.html]
[web.archive.org/web/20250427002657/https_/provina.vn/tin-tuc/day-dai-polyester-viet-nam.html]
[web.archive.org/web/20241205094513/http_/pinterest.com/pin/create/link/indexb2fc.html]
[web.archive.org/web/20241205094540/https_/www.google-analytics.com/analytics.js]
[web.archive.org/web/20241205094513/https_/provina.vn/tin-tuc/cach-su-dung-day-tang-do.html]
[web.archive.org/web/20250326142715/http_/pinterest.com/pin/create/link/indexbc00.html]
[web.archive.org/web/20250326141009/https_/google-analytics.com/analytics.js]
[web.archive.org/web/20250326142715/https_/provina.vn/tin-tuc/6-dieu-can-luu-y-khi-mua-day-tang-do-chang-hang.html]
[web.archive.org/web/20250216112708/http_/pinterest.com/pin/create/link/indexdfd0.html]
[web.archive.org/web/20250216112708/https_/provina.vn/tin-tuc/cong-ty-det-day-dai.html]
[web.archive.org/web/20241205095922/http_/pinterest.com/pin/create/link/index8eb8.html]
[web.archive.org/web/20241205095922/https_/provina.vn/tin-tuc/day-dai-det-so-1-viet-nam.html]
[web.archive.org/web/20241205091835/http_/pinterest.com/pin/create/link/index3adf.html]
[web.archive.org/web/20241205092402/https_/www.google-analytics.com/analytics.js]
[web.archive.org/web/20241205091835/https_/provina.vn/tin-tuc/day-cap-vai-cau-hang-5-tan-6m.html]
[web.archive.org/web/20241205104023/http_/pinterest.com/pin/create/link/indexf19c.html]
[web.archive.org/web/20241205104113/https_/www.google-analytics.com/analytics.js]
[web.archive.org/web/20241205104023/https_/provina.vn/tin-tuc/day-tang-do-la-gi.html]
[web.archive.org/web/20241205100835/http_/pinterest.com/pin/create/link/indexbc1f.html]
[web.archive.org/web/20241205100835/https_/provina.vn/tin-tuc/cung-cap-day-dai-det-tai-binh-dinh.html]
[web.archive.org/web/20250216124409/http_/pinterest.com/pin/create/link/index4d5e.html]
[web.archive.org/web/20250216124409/https_/provina.vn/tin-tuc/cao-day.html]
[web.archive.org/web/20250427001409/https_/media.loveitopcdn.com/25285/cong-nghe-san-xuat-day-tang-do-cung-quy-trinh-san-xuat.jpg]
[web.archive.org/web/20250427001409/https_/media.loveitopcdn.com/25285/uu-diem-cua-cong-nghe-san-xuat-hien-dai.jpg]
[web.archive.org/web/20250427001409/https_/media.loveitopcdn.com/25285/ung-dung-cong-nghe-hien-dai-vao-san-xuat-day-tang-do.jpg]
[web.archive.org/web/20250427001409/http_/pinterest.com/pin/create/link/indexd029.html]
[web.archive.org/web/20250427001409/https_/provina.vn/tin-tuc/cong-nghe-san-xuat-day-tang-do.html]
[web.archive.org/web/20241205105418/http_/pinterest.com/pin/create/link/index9549.html]
[web.archive.org/web/20241205105418/https_/provina.vn/tin-tuc/ung-dung-day-tang-do-trong-nong-nghiep.html]
[web.archive.org/web/20241205105444/https_/www.google-analytics.com/analytics.js]
[web.archive.org/web/20241205105418/https_/provina.vn/tin-tuc/day-rang-d-ring.html]
[web.archive.org/web/20250216120756/https_/provina.vn/tin-tuc/nhà sản xuất dây đai dệt sô lượng lớn]
[web.archive.org/web/20250216120756/http_/pinterest.com/pin/create/link/indexd3cd.html]
[web.archive.org/web/20250216120322/https_/www.google-analytics.com/analytics.js]
[web.archive.org/web/20250216120756/https_/provina.vn/tin-tuc/nha-san-xuat-day-dai-so-luong-lon.html]
[web.archive.org/web/20250326132751/http_/pinterest.com/pin/create/link/index7320.html]
[web.archive.org/web/20250326132751/https_/provina.vn/tin-tuc/ung-dung-day-tang-do-trong-nong-nghiep.html]
[web.archive.org/web/20250326133112/https_/www.google-analytics.com/analytics.js]
[web.archive.org/web/20250326132751/https_/provina.vn/tin-tuc/day-cau-vai.html]
[web.archive.org/web/20250216122330/https_/provina.vn/tin-tuc/100 cách sử dụng dây đai vải]
[web.archive.org/web/20250216122330/http_/pinterest.com/pin/create/link/index2006.html]
[web.archive.org/web/20250216122828/http_/www.google-analytics.com/analytics.js]
[web.archive.org/web/20250216122330/https_/provina.vn/tin-tuc/cach-su-dung-day-dai-vai.html]
[web.archive.org/web/20241112131116js_/https_/images.dmca.com/Badges/DMCABadgeHelper.min.js]
[web.archive.org/web/20241112131140/https_/provina.vn/tin-tuc/quy trình sản xuất dây đai dệt an toàn chất lượng]
[web.archive.org/web/20241112131140/https_/provina.vn/tin-tuc/đánh giá chất lượng]
[web.archive.org/web/20241112131140/http_/pinterest.com/pin/create/link/index29b7.html]
[web.archive.org/web/20241112131209/https_/www.google-analytics.com/analytics.js]
[web.archive.org/web/20241112131140/https_/provina.vn/tin-tuc/quy-trinh-san-xuat-day-dai-det.html]
[web.archive.org/web/20250216110513js_/https_/images.dmca.com/Badges/DMCABadgeHelper.min.js]
[web.archive.org/web/20250216110050/http_/pinterest.com/pin/create/link/indexce49.html]
[web.archive.org/web/20250216110050/https_/provina.vn/tin-tuc/nen-mua-day-dai-det-theo-ky-hay-met.html]
[web.archive.org/web/20241112135407js_/https_/images.dmca.com/Badges/DMCABadgeHelper.min.js]
[web.archive.org/web/20241112135836/http_/pinterest.com/pin/create/link/index0e2c.html]
[web.archive.org/web/20241112135852/https_/www.google-analytics.com/analytics.js]
[web.archive.org/web/20241112135836/https_/provina.vn/tin-tuc/ung-dung-cua-day-chang-hang-khoa-cam.html]
[web.archive.org/web/20241205101151/http_/pinterest.com/pin/create/link/index5c84.html]
[web.archive.org/web/20241205101151/https_/provina.vn/tin-tuc/day-buoc-hang-gia-re.html]
[web.archive.org/web/20250122232337/http_/pinterest.com/pin/create/link/index108f.html]
[web.archive.org/web/20250122232337/https_/provina.vn/tin-tuc/day-chang-hang-container.html]
[web.archive.org/web/20250216112546/https_/provina.vn/tin-tuc/day-dai-det-tai-trong-5-tan.html]
[web.archive.org/web/20241205091437/https_/provina.vn/tin-tuc/cach-su-dung-day-chang-hang-tang-do.html]
[web.archive.org/web/20241205094035/https_/provina.vn/tin-tuc/so-sanh-day-polyester-voi-day-nylon.html]
[web.archive.org/web/20241205102358/https_/provina.vn/tin-tuc/day-dai-det-38mm.html]
[web.archive.org/web/20241205103232/https_/provina.vn/tin-tuc/cach-ma-day-tang-do-co-the-cai-thien-cuoc-song.html]
[web.archive.org/web/20250122234509/https_/provina.vn/tin-tuc/gioi-han-do-ben-cua-day-chang-hang-tang-do.html]
[web.archive.org/web/20241205103521/https_/provina.vn/tin-tuc/uu-diem-cua-day-tang-do-buoc-hang.html]
[web.archive.org/web/20250123010701/https_/provina.vn/tin-tuc/day-cap-cau-hang-la-gi.html]
[web.archive.org/web/20250123013137/https_/provina.vn/tin-tuc/day-chang-hang-xe-tai.html]
[web.archive.org/web/20241205104424/https_/provina.vn/tin-tuc/day-cau-hang-han-quoc.html]
[web.archive.org/web/20250216121037/https_/provina.vn/tin-tuc/vat-lieu-lam-day-dai-det-ben-nhat.html]
[web.archive.org/web/20250123013101/https_/provina.vn/tin-tuc/dac-diem-nhan-dang-day-cap-vai-cau-hang-5-tan.html]
[web.archive.org/web/20241205093437/https_/provina.vn/tin-tuc/loi-ich-cua-viec-su-dung-day-tang-do.html]
[web.archive.org/web/20250427010704/https_/provina.vn/tin-tuc/so-sanh-day-tang-do-tu-rut-voi-day-buoc-truyen-thong.html]
[web.archive.org/web/20250216122558/https_/provina.vn/tin-tuc/diem-khac-nhau-giua-day-chang-hang-tang-do-moc-j-va-moc-s.html]
[web.archive.org/web/20220629071633/https_/provina.vn/tin-tuc/test-day-cap-vai-cau-hang.html]
[web.archive.org/web/20250216110416/https_/provina.vn/tin-tuc/so-sanh-cap-cau-vai-polyester-voi-nylon.html]
[web.archive.org/web/20241205093715/https_/provina.vn/tin-tuc/6-dieu-ban-nen-biet-ve-cap-vai-cau-hang-truoc-khi-mua.html]
[web.archive.org/web/20250123011837/https_/provina.vn/tin-tuc/day-be-5-tan.html]
[web.archive.org/web/20241205093953/https_/provina.vn/tin-tuc/cong-dung-cua-day-cau-hang-bang-vai.html]
[web.archive.org/web/20250326150847/https_/provina.vn/tin-tuc/day-dai-bang-vai.html]
[web.archive.org/web/20241205100715/https_/provina.vn/tin-tuc/cau-hoi-thuong-gap-ve-day-chang-hang-tang-do.html]
[web.archive.org/web/20241205102943/https_/provina.vn/tin-tuc/bao-quan-day-be-cau-hang.html]
[web.archive.org/web/20250122235417/https_/provina.vn/tin-tuc/s-hook.html]
[web.archive.org/web/20241205094438/https_/provina.vn/tin-tuc/day-dai-det-ban-50mm.html]
[web.archive.org/web/20250216124752/https_/provina.vn/tin-tuc/dau-cao.html]
[web.archive.org/web/20250122235930/https_/provina.vn/tin-tuc/huong-dan-su-dung-day-cau-hang.html]
[web.archive.org/web/20241205090756/https_/provina.vn/tin-tuc/nha-san-xuat-day-cau-hang.html]
[web.archive.org/web/20241205100959/https_/provina.vn/tin-tuc/do-ben-cua-day-dai-det-phu-thuoc-vao-nhung-yeu-to-nao.html]
[web.archive.org/web/20250216124944/https_/provina.vn/tin-tuc/day-rang-do-xe-may.html]
[web.archive.org/web/20250216124713/https_/provina.vn/tin-tuc/gia-day-chang-hang-tang-do.html]
[web.archive.org/web/20241205102921/https_/provina.vn/tin-tuc/tem-nhan-tren-day-tang-do-co-y-nghia-gi.html]
